../Core/Src/main.c:113:5:_write	32	static
../Core/Src/main.c:127:6:HAL_TIM_PeriodElapsedCallback	16	static
../Core/Src/main.c:137:20:process_adc_buffer	32	static
../Core/Src/main.c:172:6:HAL_ADC_ConvHalfCpltCallback	16	static
../Core/Src/main.c:176:6:HAL_ADC_ConvCpltCallback	16	static
../Core/Src/main.c:181:6:calculate_calibration	24	static
../Core/Src/main.c:200:5:main	72	static
../Core/Src/main.c:282:6:SystemClock_Config	96	static
../Core/Src/main.c:345:13:MX_ADC1_Init	32	static
../Core/Src/main.c:412:13:MX_CRC_Init	8	static
../Core/Src/main.c:443:13:MX_I2C1_SMBUS_Init	8	static
../Core/Src/main.c:481:13:MX_RTC_Init	8	static
../Core/Src/main.c:517:13:MX_TIM6_Init	24	static
../Core/Src/main.c:555:13:MX_USART2_UART_Init	8	static
../Core/Src/main.c:588:13:MX_DMA_Init	16	static
../Core/Src/main.c:612:13:MX_GPIO_Init	40	static
../Core/Src/main.c:648:6:Error_Handler	4	static,ignoring_inline_asm
