Archive member included to satisfy reference by file (symbol)

/opt/st/stm32cubeide_1.12.0/plugins/com.st.stm32cube.ide.mcu.externaltools.gnu-tools-for-stm32.12.3.rel1.linux64_1.0.100.202403111256/tools/bin/../lib/gcc/arm-none-eabi/12.3.1/../../../../arm-none-eabi/lib/thumb/v7e-m+fp/hard/libc_nano.a(libc_a-exit.o)
                              /opt/st/stm32cubeide_1.12.0/plugins/com.st.stm32cube.ide.mcu.externaltools.gnu-tools-for-stm32.12.3.rel1.linux64_1.0.100.202403111256/tools/bin/../lib/gcc/arm-none-eabi/12.3.1/../../../../arm-none-eabi/lib/thumb/v7e-m+fp/hard/crt0.o (exit)
/opt/st/stm32cubeide_1.12.0/plugins/com.st.stm32cube.ide.mcu.externaltools.gnu-tools-for-stm32.12.3.rel1.linux64_1.0.100.202403111256/tools/bin/../lib/gcc/arm-none-eabi/12.3.1/../../../../arm-none-eabi/lib/thumb/v7e-m+fp/hard/libc_nano.a(libc_a-nano-vfprintf_float.o)
                              (_printf_float)
/opt/st/stm32cubeide_1.12.0/plugins/com.st.stm32cube.ide.mcu.externaltools.gnu-tools-for-stm32.12.3.rel1.linux64_1.0.100.202403111256/tools/bin/../lib/gcc/arm-none-eabi/12.3.1/../../../../arm-none-eabi/lib/thumb/v7e-m+fp/hard/libc_nano.a(libc_a-nano-vfprintf_i.o)
                              /opt/st/stm32cubeide_1.12.0/plugins/com.st.stm32cube.ide.mcu.externaltools.gnu-tools-for-stm32.12.3.rel1.linux64_1.0.100.202403111256/tools/bin/../lib/gcc/arm-none-eabi/12.3.1/../../../../arm-none-eabi/lib/thumb/v7e-m+fp/hard/libc_nano.a(libc_a-nano-vfprintf_float.o) (_printf_common)
/opt/st/stm32cubeide_1.12.0/plugins/com.st.stm32cube.ide.mcu.externaltools.gnu-tools-for-stm32.12.3.rel1.linux64_1.0.100.202403111256/tools/bin/../lib/gcc/arm-none-eabi/12.3.1/../../../../arm-none-eabi/lib/thumb/v7e-m+fp/hard/libc_nano.a(libc_a-nano-vfscanf_float.o)
                              (_scanf_float)
/opt/st/stm32cubeide_1.12.0/plugins/com.st.stm32cube.ide.mcu.externaltools.gnu-tools-for-stm32.12.3.rel1.linux64_1.0.100.202403111256/tools/bin/../lib/gcc/arm-none-eabi/12.3.1/../../../../arm-none-eabi/lib/thumb/v7e-m+fp/hard/libc_nano.a(libc_a-findfp.o)
                              /opt/st/stm32cubeide_1.12.0/plugins/com.st.stm32cube.ide.mcu.externaltools.gnu-tools-for-stm32.12.3.rel1.linux64_1.0.100.202403111256/tools/bin/../lib/gcc/arm-none-eabi/12.3.1/../../../../arm-none-eabi/lib/thumb/v7e-m+fp/hard/libc_nano.a(libc_a-exit.o) (__stdio_exit_handler)
/opt/st/stm32cubeide_1.12.0/plugins/com.st.stm32cube.ide.mcu.externaltools.gnu-tools-for-stm32.12.3.rel1.linux64_1.0.100.202403111256/tools/bin/../lib/gcc/arm-none-eabi/12.3.1/../../../../arm-none-eabi/lib/thumb/v7e-m+fp/hard/libc_nano.a(libc_a-fwalk.o)
                              /opt/st/stm32cubeide_1.12.0/plugins/com.st.stm32cube.ide.mcu.externaltools.gnu-tools-for-stm32.12.3.rel1.linux64_1.0.100.202403111256/tools/bin/../lib/gcc/arm-none-eabi/12.3.1/../../../../arm-none-eabi/lib/thumb/v7e-m+fp/hard/libc_nano.a(libc_a-findfp.o) (_fwalk_sglue)
/opt/st/stm32cubeide_1.12.0/plugins/com.st.stm32cube.ide.mcu.externaltools.gnu-tools-for-stm32.12.3.rel1.linux64_1.0.100.202403111256/tools/bin/../lib/gcc/arm-none-eabi/12.3.1/../../../../arm-none-eabi/lib/thumb/v7e-m+fp/hard/libc_nano.a(libc_a-printf.o)
                              ./Core/Src/main.o (printf)
/opt/st/stm32cubeide_1.12.0/plugins/com.st.stm32cube.ide.mcu.externaltools.gnu-tools-for-stm32.12.3.rel1.linux64_1.0.100.202403111256/tools/bin/../lib/gcc/arm-none-eabi/12.3.1/../../../../arm-none-eabi/lib/thumb/v7e-m+fp/hard/libc_nano.a(libc_a-puts.o)
                              ./Core/Src/main.o (puts)
/opt/st/stm32cubeide_1.12.0/plugins/com.st.stm32cube.ide.mcu.externaltools.gnu-tools-for-stm32.12.3.rel1.linux64_1.0.100.202403111256/tools/bin/../lib/gcc/arm-none-eabi/12.3.1/../../../../arm-none-eabi/lib/thumb/v7e-m+fp/hard/libc_nano.a(libc_a-sprintf.o)
                              /opt/st/stm32cubeide_1.12.0/plugins/com.st.stm32cube.ide.mcu.externaltools.gnu-tools-for-stm32.12.3.rel1.linux64_1.0.100.202403111256/tools/bin/../lib/gcc/arm-none-eabi/12.3.1/../../../../arm-none-eabi/lib/thumb/v7e-m+fp/hard/libc_nano.a(libc_a-nano-vfscanf_float.o) (sprintf)
/opt/st/stm32cubeide_1.12.0/plugins/com.st.stm32cube.ide.mcu.externaltools.gnu-tools-for-stm32.12.3.rel1.linux64_1.0.100.202403111256/tools/bin/../lib/gcc/arm-none-eabi/12.3.1/../../../../arm-none-eabi/lib/thumb/v7e-m+fp/hard/libc_nano.a(libc_a-stdio.o)
                              /opt/st/stm32cubeide_1.12.0/plugins/com.st.stm32cube.ide.mcu.externaltools.gnu-tools-for-stm32.12.3.rel1.linux64_1.0.100.202403111256/tools/bin/../lib/gcc/arm-none-eabi/12.3.1/../../../../arm-none-eabi/lib/thumb/v7e-m+fp/hard/libc_nano.a(libc_a-findfp.o) (__sread)
/opt/st/stm32cubeide_1.12.0/plugins/com.st.stm32cube.ide.mcu.externaltools.gnu-tools-for-stm32.12.3.rel1.linux64_1.0.100.202403111256/tools/bin/../lib/gcc/arm-none-eabi/12.3.1/../../../../arm-none-eabi/lib/thumb/v7e-m+fp/hard/libc_nano.a(libc_a-wbuf.o)
[...]
Memory Configuration

Name             Origin             Length             Attributes
RAM              0x20000000         0x00010000         xrw
RAM2             0x10000000         0x00004000         xrw
FLASH            0x08000000         0x00040000         xr
*default*        0x00000000         0xffffffff

Linker script and memory map

LOAD /opt/st/stm32cubeide_1.12.0/plugins/com.st.stm32cube.ide.mcu.externaltools.gnu-tools-for-stm32.12.3.rel1.linux64_1.0.100.202403111256/tools/bin/../lib/gcc/arm-none-eabi/12.3.1/thumb/v7e-m+fp/hard/crti.o
LOAD /opt/st/stm32cubeide_1.12.0/plugins/com.st.stm32cube.ide.mcu.externaltools.gnu-tools-for-stm32.12.3.rel1.linux64_1.0.100.202403111256/tools/bin/../lib/gcc/arm-none-eabi/12.3.1/thumb/v7e-m+fp/hard/crtbegin.o
LOAD /opt/st/stm32cubeide_1.12.0/plugins/com.st.stm32cube.ide.mcu.externaltools.gnu-tools-for-stm32.12.3.rel1.linux64_1.0.100.202403111256/tools/bin/../lib/gcc/arm-none-eabi/12.3.1/../../../../arm-none-eabi/lib/thumb/v7e-m+fp/hard/crt0.o
LOAD ./Core/Src/main.o
LOAD ./Core/Src/stm32l4xx_hal_msp.o
LOAD ./Core/Src/stm32l4xx_it.o
LOAD ./Core/Src/syscalls.o
LOAD ./Core/Src/sysmem.o
LOAD ./Core/Src/system_stm32l4xx.o
LOAD ./Core/Startup/startup_stm32l432kcux.o
LOAD ./Drivers/STM32L4xx_HAL_Driver/Src/stm32l4xx_hal.o
LOAD ./Drivers/STM32L4xx_HAL_Driver/Src/stm32l4xx_hal_adc.o
LOAD ./Drivers/STM32L4xx_HAL_Driver/Src/stm32l4xx_hal_adc_ex.o
LOAD ./Drivers/STM32L4xx_HAL_Driver/Src/stm32l4xx_hal_cortex.o
LOAD ./Drivers/STM32L4xx_HAL_Driver/Src/stm32l4xx_hal_crc.o
LOAD ./Drivers/STM32L4xx_HAL_Driver/Src/stm32l4xx_hal_crc_ex.o
LOAD ./Drivers/STM32L4xx_HAL_Driver/Src/stm32l4xx_hal_dma.o
LOAD ./Drivers/STM32L4xx_HAL_Driver/Src/stm32l4xx_hal_dma_ex.o
LOAD ./Drivers/STM32L4xx_HAL_Driver/Src/stm32l4xx_hal_exti.o
LOAD ./Drivers/STM32L4xx_HAL_Driver/Src/stm32l4xx_hal_flash.o
LOAD ./Drivers/STM32L4xx_HAL_Driver/Src/stm32l4xx_hal_flash_ex.o
LOAD ./Drivers/STM32L4xx_HAL_Driver/Src/stm32l4xx_hal_flash_ramfunc.o
LOAD ./Drivers/STM32L4xx_HAL_Driver/Src/stm32l4xx_hal_gpio.o
LOAD ./Drivers/STM32L4xx_HAL_Driver/Src/stm32l4xx_hal_pwr.o
LOAD ./Drivers/STM32L4xx_HAL_Driver/Src/stm32l4xx_hal_pwr_ex.o
LOAD ./Drivers/STM32L4xx_HAL_Driver/Src/stm32l4xx_hal_rcc.o
LOAD ./Drivers/STM32L4xx_HAL_Driver/Src/stm32l4xx_hal_rcc_ex.o
LOAD ./Drivers/STM32L4xx_HAL_Driver/Src/stm32l4xx_hal_rtc.o
LOAD ./Drivers/STM32L4xx_HAL_Driver/Src/stm32l4xx_hal_rtc_ex.o
LOAD ./Drivers/STM32L4xx_HAL_Driver/Src/stm32l4xx_hal_smbus.o
LOAD ./Drivers/STM32L4xx_HAL_Driver/Src/stm32l4xx_hal_smbus_ex.o
LOAD ./Drivers/STM32L4xx_HAL_Driver/Src/stm32l4xx_hal_tim.o
LOAD ./Drivers/STM32L4xx_HAL_Driver/Src/stm32l4xx_hal_tim_ex.o
LOAD ./Drivers/STM32L4xx_HAL_Driver/Src/stm32l4xx_hal_uart.o
LOAD ./Drivers/STM32L4xx_HAL_Driver/Src/stm32l4xx_hal_uart_ex.o
START GROUP
LOAD /opt/st/stm32cubeide_1.12.0/plugins/com.st.stm32cube.ide.mcu.externaltools.gnu-tools-for-stm32.12.3.rel1.linux64_1.0.100.202403111256/tools/bin/../lib/gcc/arm-none-eabi/12.3.1/../../../../arm-none-eabi/lib/thumb/v7e-m+fp/hard/libc_nano.a
LOAD /opt/st/stm32cubeide_1.12.0/plugins/com.st.stm32cube.ide.mcu.externaltools.gnu-tools-for-stm32.12.3.rel1.linux64_1.0.100.202403111256/tools/bin/../lib/gcc/arm-none-eabi/12.3.1/../../../../arm-none-eabi/lib/thumb/v7e-m+fp/hard/libm.a
END GROUP
START GROUP
LOAD /opt/st/stm32cubeide_1.12.0/plugins/com.st.stm32cube.ide.mcu.externaltools.gnu-tools-for-stm32.12.3.rel1.linux64_1.0.100.202403111256/tools/bin/../lib/gcc/arm-none-eabi/12.3.1/thumb/v7e-m+fp/hard/libgcc.a
LOAD /opt/st/stm32cubeide_1.12.0/plugins/com.st.stm32cube.ide.mcu.externaltools.gnu-tools-for-stm32.12.3.rel1.linux64_1.0.100.202403111256/tools/bin/../lib/gcc/arm-none-eabi/12.3.1/../../../../arm-none-eabi/lib/thumb/v7e-m+fp/hard/libc_nano.a
END GROUP
START GROUP
LOAD /opt/st/stm32cubeide_1.12.0/plugins/com.st.stm32cube.ide.mcu.externaltools.gnu-tools-for-stm32.12.3.rel1.linux64_1.0.100.202403111256/tools/bin/../lib/gcc/arm-none-eabi/12.3.1/thumb/v7e-m+fp/hard/libgcc.a
LOAD /opt/st/stm32cubeide_1.12.0/plugins/com.st.stm32cube.ide.mcu.externaltools.gnu-tools-for-stm32.12.3.rel1.linux64_1.0.100.202403111256/tools/bin/../lib/gcc/arm-none-eabi/12.3.1/../../../../arm-none-eabi/lib/thumb/v7e-m+fp/hard/libc_nano.a
LOAD /opt/st/stm32cubeide_1.12.0/plugins/com.st.stm32cube.ide.mcu.externaltools.gnu-tools-for-stm32.12.3.rel1.linux64_1.0.100.202403111256/tools/bin/../lib/gcc/arm-none-eabi/12.3.1/../../../../arm-none-eabi/lib/thumb/v7e-m+fp/hard/libnosys.a
END GROUP
START GROUP
LOAD /opt/st/stm32cubeide_1.12.0/plugins/com.st.stm32cube.ide.mcu.externaltools.gnu-tools-for-stm32.12.3.rel1.linux64_1.0.100.202403111256/tools/bin/../lib/gcc/arm-none-eabi/12.3.1/thumb/v7e-m+fp/hard/libgcc.a
LOAD /opt/st/stm32cubeide_1.12.0/plugins/com.st.stm32cube.ide.mcu.externaltools.gnu-tools-for-stm32.12.3.rel1.linux64_1.0.100.202403111256/tools/bin/../lib/gcc/arm-none-eabi/12.3.1/../../../../arm-none-eabi/lib/thumb/v7e-m+fp/hard/libc_nano.a
LOAD /opt/st/stm32cubeide_1.12.0/plugins/com.st.stm32cube.ide.mcu.externaltools.gnu-tools-for-stm32.12.3.rel1.linux64_1.0.100.202403111256/tools/bin/../lib/gcc/arm-none-eabi/12.3.1/../../../../arm-none-eabi/lib/thumb/v7e-m+fp/hard/libnosys.a
END GROUP
LOAD /opt/st/stm32cubeide_1.12.0/plugins/com.st.stm32cube.ide.mcu.externaltools.gnu-tools-for-stm32.12.3.rel1.linux64_1.0.100.202403111256/tools/bin/../lib/gcc/arm-none-eabi/12.3.1/thumb/v7e-m+fp/hard/crtend.o
LOAD /opt/st/stm32cubeide_1.12.0/plugins/com.st.stm32cube.ide.mcu.externaltools.gnu-tools-for-stm32.12.3.rel1.linux64_1.0.100.202403111256/tools/bin/../lib/gcc/arm-none-eabi/12.3.1/thumb/v7e-m+fp/hard/crtn.o
                0x20010000                        _estack = (ORIGIN (RAM) + LENGTH (RAM))
                0x00000200                        _Min_Heap_Size = 0x200
                0x00000400                        _Min_Stack_Size = 0x400

.isr_vector     0x08000000      0x18c
                0x08000000                        . = ALIGN (0x4)
 *(.isr_vector)
 .isr_vector    0x08000000      0x18c ./Core/Startup/startup_stm32l432kcux.o
                0x08000000                g_pfnVectors
                0x0800018c                        . = ALIGN (0x4)

.text           0x08000190     0xb97c
                0x08000190                        . = ALIGN (0x4)
 *(.text)
 .text          0x08000190       0x40 /opt/st/stm32cubeide_1.12.0/plugins/com.st.stm32cube.ide.mcu.externaltools.gnu-tools-for-stm32.12.3.rel1.linux64_1.0.100.202403111256/tools/bin/../lib/gcc/arm-none-eabi/12.3.1/thumb/v7e-m+fp/hard/crtbegin.o
 .text          0x080001d0       0xa0 /opt/st/stm32cubeide_1.12.0/plugins/com.st.stm32cube.ide.mcu.externaltools.gnu-tools-for-stm32.12.3.rel1.linux64_1.0.100.202403111256/tools/bin/../lib/gcc/arm-none-eabi/12.3.1/../../../../arm-none-eabi/lib/thumb/v7e-m+fp/hard/libc_nano.a(libc_a-memchr.o)
                0x080001d0                memchr
 .text          0x08000270       0x10 /opt/st/stm32cubeide_1.12.0/plugins/com.st.stm32cube.ide.mcu.externaltools.gnu-tools-for-stm32.12.3.rel1.linux64_1.0.100.202403111256/tools/bin/../lib/gcc/arm-none-eabi/12.3.1/../../../../arm-none-eabi/lib/thumb/v7e-m+fp/hard/libc_nano.a(libc_a-strlen.o)
                0x08000270                strlen
 .text          0x08000280      0x378 /opt/st/stm32cubeide_1.12.0/plugins/com.st.stm32cube.ide.mcu.externaltools.gnu-tools-for-stm32.12.3.rel1.linux64_1.0.100.202403111256/tools/bin/../lib/gcc/arm-none-eabi/12.3.1/thumb/v7e-m+fp/hard/libgcc.a(_arm_addsubdf3.o)
                0x08000280                __aeabi_drsub
                0x08000288                __aeabi_dsub
                0x08000288                __subdf3
                0x0800028c                __adddf3
                0x0800028c                __aeabi_dadd
                0x08000504                __aeabi_ui2d
                0x08000504                __floatunsidf
                0x08000524                __floatsidf
                0x08000524                __aeabi_i2d
                0x08000548                __extendsfdf2
                0x08000548                __aeabi_f2d
                0x0800058c                __aeabi_ul2d
                0x0800058c                __floatundidf
                0x0800059c                __floatdidf
                0x0800059c                __aeabi_l2d
 .text          0x080005f8      0x424 /opt/st/stm32cubeide_1.12.0/plugins/com.st.stm32cube.ide.mcu.externaltools.gnu-tools-for-stm32.12.3.rel1.linux64_1.0.100.202403111256/tools/bin/../lib/gcc/arm-none-eabi/12.3.1/thumb/v7e-m+fp/hard/libgcc.a(_arm_muldivdf3.o)
                0x080005f8                __aeabi_dmul
                0x080005f8                __muldf3
                0x0800084c                __aeabi_ddiv
                0x0800084c                __divdf3
 .text          0x08000a1c      0x110 /opt/st/stm32cubeide_1.12.0/plugins/com.st.stm32cube.ide.mcu.externaltools.gnu-tools-for-stm32.12.3.rel1.linux64_1.0.100.202403111256/tools/bin/../lib/gcc/arm-none-eabi/12.3.1/thumb/v7e-m+fp/hard/libgcc.a(_arm_cmpdf2.o)
                0x08000a1c                __gtdf2
                0x08000a1c                __gedf2
                0x08000a24                __ltdf2
                0x08000a24                __ledf2
                0x08000a2c                __cmpdf2
                0x08000a2c                __eqdf2
                0x08000a2c                __nedf2
                0x08000aa8                __aeabi_cdrcmple
                0x08000ab8                __aeabi_cdcmple
                0x08000ab8                __aeabi_cdcmpeq
                0x08000ac8                __aeabi_dcmpeq
                0x08000adc                __aeabi_dcmplt
                0x08000af0                __aeabi_dcmple
                0x08000b04                __aeabi_dcmpge
                0x08000b18                __aeabi_dcmpgt
 .text          0x08000b2c       0x2c /opt/st/stm32cubeide_1.12.0/plugins/com.st.stm32cube.ide.mcu.externaltools.gnu-tools-for-stm32.12.3.rel1.linux64_1.0.100.202403111256/tools/bin/../lib/gcc/arm-none-eabi/12.3.1/thumb/v7e-m+fp/hard/libgcc.a(_arm_unorddf2.o)
                0x08000b2c                __aeabi_dcmpun
                0x08000b2c                __unorddf2
 .text          0x08000b58       0x50 /opt/st/stm32cubeide_1.12.0/plugins/com.st.stm32cube.ide.mcu.externaltools.gnu-tools-for-stm32.12.3.rel1.linux64_1.0.100.202403111256/tools/bin/../lib/gcc/arm-none-eabi/12.3.1/thumb/v7e-m+fp/hard/libgcc.a(_arm_fixdfsi.o)
                0x08000b58                __fixdfsi
                0x08000b58                __aeabi_d2iz
 .text          0x08000ba8       0x40 /opt/st/stm32cubeide_1.12.0/plugins/com.st.stm32cube.ide.mcu.externaltools.gnu-tools-for-stm32.12.3.rel1.linux64_1.0.100.202403111256/tools/bin/../lib/gcc/arm-none-eabi/12.3.1/thumb/v7e-m+fp/hard/libgcc.a(_arm_fixunsdfsi.o)
                0x08000ba8                __fixunsdfsi
                0x08000ba8                __aeabi_d2uiz
 .text          0x08000be8       0xa0 /opt/st/stm32cubeide_1.12.0/plugins/com.st.stm32cube.ide.mcu.externaltools.gnu-tools-for-stm32.12.3.rel1.linux64_1.0.100.202403111256/tools/bin/../lib/gcc/arm-none-eabi/12.3.1/thumb/v7e-m+fp/hard/libgcc.a(_arm_truncdfsf2.o)
                0x08000be8                __aeabi_d2f
                0x08000be8                __truncdfsf2
 .text          0x08000c88       0x30 /opt/st/stm32cubeide_1.12.0/plugins/com.st.stm32cube.ide.mcu.externaltools.gnu-tools-for-stm32.12.3.rel1.linux64_1.0.100.202403111256/tools/bin/../lib/gcc/arm-none-eabi/12.3.1/thumb/v7e-m+fp/hard/libgcc.a(_aeabi_uldivmod.o)
                0x08000c88                __aeabi_uldivmod
 .text          0x08000cb8       0x30 /opt/st/stm32cubeide_1.12.0/plugins/com.st.stm32cube.ide.mcu.externaltools.gnu-tools-for-stm32.12.3.rel1.linux64_1.0.100.202403111256/tools/bin/../lib/gcc/arm-none-eabi/12.3.1/thumb/v7e-m+fp/hard/libgcc.a(_fixdfdi.o)
                0x08000cb8                __aeabi_d2lz
                0x08000cb8                __fixdfdi
 .text          0x08000ce8       0x3c /opt/st/stm32cubeide_1.12.0/plugins/com.st.stm32cube.ide.mcu.externaltools.gnu-tools-for-stm32.12.3.rel1.linux64_1.0.100.202403111256/tools/bin/../lib/gcc/arm-none-eabi/12.3.1/thumb/v7e-m+fp/hard/libgcc.a(_fixunsdfdi.o)
                0x08000ce8                __aeabi_d2ulz
                0x08000ce8                __fixunsdfdi
 .text          0x08000d24      0x2bc /opt/st/stm32cubeide_1.12.0/plugins/com.st.stm32cube.ide.mcu.externaltools.gnu-tools-for-stm32.12.3.rel1.linux64_1.0.100.202403111256/tools/bin/../lib/gcc/arm-none-eabi/12.3.1/thumb/v7e-m+fp/hard/libgcc.a(_udivmoddi4.o)
                0x08000d24                __udivmoddi4
 .text          0x08000fe0        0x4 /opt/st/stm32cubeide_1.12.0/plugins/com.st.stm32cube.ide.mcu.externaltools.gnu-tools-for-stm32.12.3.rel1.linux64_1.0.100.202403111256/tools/bin/../lib/gcc/arm-none-eabi/12.3.1/thumb/v7e-m+fp/hard/libgcc.a(_dvmd_tls.o)
                0x08000fe0                __aeabi_ldiv0
                0x08000fe0                __aeabi_idiv0
 *(.text*)
 .text._write   0x08000fe4       0x4c ./Core/Src/main.o
                0x08000fe4                _write
 .text.HAL_TIM_PeriodElapsedCallback
                0x08001030       0x58 ./Core/Src/main.o
                0x08001030                HAL_TIM_PeriodElapsedCallback
 .text.process_adc_buffer
                0x08001088      0x180 ./Core/Src/main.o
 .text.HAL_ADC_ConvHalfCpltCallback
                0x08001208       0x1c ./Core/Src/main.o
                0x08001208                HAL_ADC_ConvHalfCpltCallback
 .text.HAL_ADC_ConvCpltCallback
                0x08001224       0x1c ./Core/Src/main.o
                0x08001224                HAL_ADC_ConvCpltCallback
 .text.main     0x08001240      0x1a8 ./Core/Src/main.o
                0x08001240                main
 .text.SystemClock_Config
                0x080013e8       0xc8 ./Core/Src/main.o
                0x080013e8                SystemClock_Config
 .text.MX_ADC1_Init
                0x080014b0       0xec ./Core/Src/main.o
 .text.MX_CRC_Init
                0x0800159c       0x44 ./Core/Src/main.o
 .text.MX_I2C1_SMBUS_Init
                0x080015e0       0x78 ./Core/Src/main.o
 .text.MX_RTC_Init
                0x08001658       0x50 ./Core/Src/main.o
 .text.MX_TIM6_Init
                0x080016a8       0x6c ./Core/Src/main.o
 .text.MX_USART2_UART_Init
                0x08001714       0x60 ./Core/Src/main.o
 .text.MX_DMA_Init
                0x08001774       0x5c ./Core/Src/main.o
 .text.MX_GPIO_Init
                0x080017d0       0x94 ./Core/Src/main.o
 .text.Error_Handler
                0x08001864        0xc ./Core/Src/main.o
                0x08001864                Error_Handler
 .text.HAL_MspInit
                0x08001870       0x48 ./Core/Src/stm32l4xx_hal_msp.o
                0x08001870                HAL_MspInit
 .text.HAL_ADC_MspInit
                0x080018b8       0xf4 ./Core/Src/stm32l4xx_hal_msp.o
                0x080018b8                HAL_ADC_MspInit
 .text.HAL_CRC_MspInit
                0x080019ac       0x40 ./Core/Src/stm32l4xx_hal_msp.o
                0x080019ac                HAL_CRC_MspInit
 .text.HAL_SMBUS_MspInit
                0x080019ec       0xd0 ./Core/Src/stm32l4xx_hal_msp.o
                0x080019ec                HAL_SMBUS_MspInit
 .text.HAL_RTC_MspInit
                0x08001abc       0x60 ./Core/Src/stm32l4xx_hal_msp.o
                0x08001abc                HAL_RTC_MspInit
 .text.HAL_TIM_Base_MspInit
                0x08001b1c       0x4c ./Core/Src/stm32l4xx_hal_msp.o
                0x08001b1c                HAL_TIM_Base_MspInit
 .text.HAL_UART_MspInit
                0x08001b68      0x188 ./Core/Src/stm32l4xx_hal_msp.o
                0x08001b68                HAL_UART_MspInit
 .text.NMI_Handler
                0x08001cf0        0x8 ./Core/Src/stm32l4xx_it.o
                0x08001cf0                NMI_Handler
 .text.HardFault_Handler
                0x08001cf8        0x8 ./Core/Src/stm32l4xx_it.o
                0x08001cf8                HardFault_Handler
 .text.MemManage_Handler
                0x08001d00        0x8 ./Core/Src/stm32l4xx_it.o
                0x08001d00                MemManage_Handler
 .text.BusFault_Handler
                0x08001d08        0x8 ./Core/Src/stm32l4xx_it.o
                0x08001d08                BusFault_Handler
 .text.UsageFault_Handler
                0x08001d10        0x8 ./Core/Src/stm32l4xx_it.o
                0x08001d10                UsageFault_Handler
 .text.SVC_Handler
                0x08001d18        0xe ./Core/Src/stm32l4xx_it.o
                0x08001d18                SVC_Handler
 .text.DebugMon_Handler
                0x08001d26        0xe ./Core/Src/stm32l4xx_it.o
                0x08001d26                DebugMon_Handler
 .text.PendSV_Handler
                0x08001d34        0xe ./Core/Src/stm32l4xx_it.o
                0x08001d34                PendSV_Handler
 .text.SysTick_Handler
                0x08001d42        0xc ./Core/Src/stm32l4xx_it.o
                0x08001d42                SysTick_Handler
 *fill*         0x08001d4e        0x2 
 .text.DMA1_Channel1_IRQHandler
                0x08001d50       0x14 ./Core/Src/stm32l4xx_it.o
                0x08001d50                DMA1_Channel1_IRQHandler
 .text.DMA1_Channel6_IRQHandler
                0x08001d64       0x14 ./Core/Src/stm32l4xx_it.o
                0x08001d64                DMA1_Channel6_IRQHandler
 .text.DMA1_Channel7_IRQHandler
                0x08001d78       0x14 ./Core/Src/stm32l4xx_it.o
                0x08001d78                DMA1_Channel7_IRQHandler
 .text.ADC1_IRQHandler
                0x08001d8c       0x14 ./Core/Src/stm32l4xx_it.o
                0x08001d8c                ADC1_IRQHandler
 .text.I2C1_EV_IRQHandler
                0x08001da0       0x14 ./Core/Src/stm32l4xx_it.o
                0x08001da0                I2C1_EV_IRQHandler
 .text.I2C1_ER_IRQHandler
                0x08001db4       0x14 ./Core/Src/stm32l4xx_it.o
                0x08001db4                I2C1_ER_IRQHandler
 .text.TIM6_DAC_IRQHandler
                0x08001dc8       0x14 ./Core/Src/stm32l4xx_it.o
                0x08001dc8                TIM6_DAC_IRQHandler
 .text._getpid  0x08001ddc       0x10 ./Core/Src/syscalls.o
                0x08001ddc                _getpid
 .text._kill    0x08001dec       0x20 ./Core/Src/syscalls.o
                0x08001dec                _kill
 .text._exit    0x08001e0c       0x16 ./Core/Src/syscalls.o
                0x08001e0c                _exit
 .text._read    0x08001e22       0x3a ./Core/Src/syscalls.o
                0x08001e22                _read
 .text._close   0x08001e5c       0x18 ./Core/Src/syscalls.o
                0x08001e5c                _close
 .text._fstat   0x08001e74       0x20 ./Core/Src/syscalls.o
                0x08001e74                _fstat
 .text._isatty  0x08001e94       0x16 ./Core/Src/syscalls.o
                0x08001e94                _isatty
 .text._lseek   0x08001eaa       0x1a ./Core/Src/syscalls.o
                0x08001eaa                _lseek
 .text._sbrk    0x08001ec4       0x6c ./Core/Src/sysmem.o
                0x08001ec4                _sbrk
 .text.SystemInit
                0x08001f30       0x24 ./Core/Src/system_stm32l4xx.o
                0x08001f30                SystemInit
 .text.Reset_Handler
                0x08001f54       0x50 ./Core/Startup/startup_stm32l432kcux.o
                0x08001f54                Reset_Handler
 .text.Default_Handler
                0x08001fa4        0x2 ./Core/Startup/startup_stm32l432kcux.o
                0x08001fa4                RTC_Alarm_IRQHandler
                0x08001fa4                EXTI2_IRQHandler
                0x08001fa4                TIM1_CC_IRQHandler
                0x08001fa4                TSC_IRQHandler
                0x08001fa4                TAMP_STAMP_IRQHandler
                0x08001fa4                EXTI3_IRQHandler
                0x08001fa4                LPTIM2_IRQHandler
                0x08001fa4                I2C3_ER_IRQHandler
                0x08001fa4                EXTI0_IRQHandler
                0x08001fa4                CAN1_RX0_IRQHandler
                0x08001fa4                FPU_IRQHandler
                0x08001fa4                TIM1_UP_TIM16_IRQHandler
                0x08001fa4                SPI1_IRQHandler
                0x08001fa4                DMA2_Channel2_IRQHandler
                0x08001fa4                DMA1_Channel4_IRQHandler
                0x08001fa4                CAN1_RX1_IRQHandler
                0x08001fa4                DMA2_Channel1_IRQHandler
                0x08001fa4                QUADSPI_IRQHandler
                0x08001fa4                DMA2_Channel4_IRQHandler
                0x08001fa4                RCC_IRQHandler
                0x08001fa4                TIM1_TRG_COM_IRQHandler
                0x08001fa4                Default_Handler
                0x08001fa4                DMA2_Channel7_IRQHandler
                0x08001fa4                EXTI15_10_IRQHandler
                0x08001fa4                TIM7_IRQHandler
                0x08001fa4                I2C3_EV_IRQHandler
                0x08001fa4                USB_IRQHandler
                0x08001fa4                EXTI9_5_IRQHandler
                0x08001fa4                RTC_WKUP_IRQHandler
                0x08001fa4                PVD_PVM_IRQHandler
                0x08001fa4                CAN1_TX_IRQHandler
                0x08001fa4                DMA2_Channel5_IRQHandler
                0x08001fa4                CRS_IRQHandler
                0x08001fa4                DMA1_Channel5_IRQHandler
                0x08001fa4                EXTI4_IRQHandler
                0x08001fa4                RNG_IRQHandler
                0x08001fa4                DMA1_Channel3_IRQHandler
                0x08001fa4                COMP_IRQHandler
                0x08001fa4                WWDG_IRQHandler
                0x08001fa4                LPUART1_IRQHandler
                0x08001fa4                DMA2_Channel6_IRQHandler
                0x08001fa4                TIM2_IRQHandler
                0x08001fa4                EXTI1_IRQHandler
                0x08001fa4                USART2_IRQHandler
                0x08001fa4                DMA1_Channel2_IRQHandler
                0x08001fa4                CAN1_SCE_IRQHandler
                0x08001fa4                FLASH_IRQHandler
                0x08001fa4                USART1_IRQHandler
                0x08001fa4                SPI3_IRQHandler
                0x08001fa4                SWPMI1_IRQHandler
                0x08001fa4                LPTIM1_IRQHandler
                0x08001fa4                SAI1_IRQHandler
                0x08001fa4                DMA2_Channel3_IRQHandler
                0x08001fa4                TIM1_BRK_TIM15_IRQHandler
 .text.HAL_Init
                0x08001fa6       0x30 ./Drivers/STM32L4xx_HAL_Driver/Src/stm32l4xx_hal.o
                0x08001fa6                HAL_Init
 *fill*         0x08001fd6        0x2 
 .text.HAL_InitTick
                0x08001fd8       0x78 ./Drivers/STM32L4xx_HAL_Driver/Src/stm32l4xx_hal.o
                0x08001fd8                HAL_InitTick
 .text.HAL_IncTick
                0x08002050       0x28 ./Drivers/STM32L4xx_HAL_Driver/Src/stm32l4xx_hal.o
                0x08002050                HAL_IncTick
 .text.HAL_GetTick
                0x08002078       0x18 ./Drivers/STM32L4xx_HAL_Driver/Src/stm32l4xx_hal.o
                0x08002078                HAL_GetTick
 .text.LL_ADC_SetCommonClock
                0x08002090       0x26 ./Drivers/STM32L4xx_HAL_Driver/Src/stm32l4xx_hal_adc.o
 .text.LL_ADC_SetCommonPathInternalCh
                0x080020b6       0x26 ./Drivers/STM32L4xx_HAL_Driver/Src/stm32l4xx_hal_adc.o
 .text.LL_ADC_GetCommonPathInternalCh
                0x080020dc       0x1c ./Drivers/STM32L4xx_HAL_Driver/Src/stm32l4xx_hal_adc.o
 .text.LL_ADC_SetOffset
                0x080020f8       0x48 ./Drivers/STM32L4xx_HAL_Driver/Src/stm32l4xx_hal_adc.o
 .text.LL_ADC_GetOffsetChannel
                0x08002140       0x2c ./Drivers/STM32L4xx_HAL_Driver/Src/stm32l4xx_hal_adc.o
 .text.LL_ADC_SetOffsetState
                0x0800216c       0x36 ./Drivers/STM32L4xx_HAL_Driver/Src/stm32l4xx_hal_adc.o
 .text.LL_ADC_REG_IsTriggerSourceSWStart
                0x080021a2       0x26 ./Drivers/STM32L4xx_HAL_Driver/Src/stm32l4xx_hal_adc.o
 .text.LL_ADC_REG_SetSequencerRanks
                0x080021c8       0x58 ./Drivers/STM32L4xx_HAL_Driver/Src/stm32l4xx_hal_adc.o
 .text.LL_ADC_INJ_IsTriggerSourceSWStart
                0x08002220       0x26 ./Drivers/STM32L4xx_HAL_Driver/Src/stm32l4xx_hal_adc.o
 .text.LL_ADC_SetChannelSamplingTime
                0x08002246       0x56 ./Drivers/STM32L4xx_HAL_Driver/Src/stm32l4xx_hal_adc.o
 .text.LL_ADC_SetChannelSingleDiff
                0x0800229c       0x48 ./Drivers/STM32L4xx_HAL_Driver/Src/stm32l4xx_hal_adc.o
 .text.LL_ADC_DisableDeepPowerDown
                0x080022e4       0x24 ./Drivers/STM32L4xx_HAL_Driver/Src/stm32l4xx_hal_adc.o
 .text.LL_ADC_IsDeepPowerDownEnabled
                0x08002308       0x28 ./Drivers/STM32L4xx_HAL_Driver/Src/stm32l4xx_hal_adc.o
 .text.LL_ADC_EnableInternalRegulator
                0x08002330       0x28 ./Drivers/STM32L4xx_HAL_Driver/Src/stm32l4xx_hal_adc.o
 .text.LL_ADC_IsInternalRegulatorEnabled
                0x08002358       0x28 ./Drivers/STM32L4xx_HAL_Driver/Src/stm32l4xx_hal_adc.o
 .text.LL_ADC_Enable
                0x08002380       0x28 ./Drivers/STM32L4xx_HAL_Driver/Src/stm32l4xx_hal_adc.o
 .text.LL_ADC_IsEnabled
                0x080023a8       0x26 ./Drivers/STM32L4xx_HAL_Driver/Src/stm32l4xx_hal_adc.o
 .text.LL_ADC_REG_StartConversion
                0x080023ce       0x28 ./Drivers/STM32L4xx_HAL_Driver/Src/stm32l4xx_hal_adc.o
 .text.LL_ADC_REG_IsConversionOngoing
                0x080023f6       0x26 ./Drivers/STM32L4xx_HAL_Driver/Src/stm32l4xx_hal_adc.o
 .text.LL_ADC_INJ_IsConversionOngoing
                0x0800241c       0x26 ./Drivers/STM32L4xx_HAL_Driver/Src/stm32l4xx_hal_adc.o
 *fill*         0x08002442        0x2 
 .text.HAL_ADC_Init
                0x08002444      0x290 ./Drivers/STM32L4xx_HAL_Driver/Src/stm32l4xx_hal_adc.o
                0x08002444                HAL_ADC_Init
 .text.HAL_ADC_Start_DMA
                0x080026d4      0x108 ./Drivers/STM32L4xx_HAL_Driver/Src/stm32l4xx_hal_adc.o
                0x080026d4                HAL_ADC_Start_DMA
 .text.HAL_ADC_IRQHandler
                0x080027dc      0x368 ./Drivers/STM32L4xx_HAL_Driver/Src/stm32l4xx_hal_adc.o
                0x080027dc                HAL_ADC_IRQHandler
 .text.HAL_ADC_LevelOutOfWindowCallback
                0x08002b44       0x14 ./Drivers/STM32L4xx_HAL_Driver/Src/stm32l4xx_hal_adc.o
                0x08002b44                HAL_ADC_LevelOutOfWindowCallback
 .text.HAL_ADC_ErrorCallback
                0x08002b58       0x14 ./Drivers/STM32L4xx_HAL_Driver/Src/stm32l4xx_hal_adc.o
                0x08002b58                HAL_ADC_ErrorCallback
 .text.HAL_ADC_ConfigChannel
                0x08002b6c      0x7c0 ./Drivers/STM32L4xx_HAL_Driver/Src/stm32l4xx_hal_adc.o
                0x08002b6c                HAL_ADC_ConfigChannel
 .text.ADC_Enable
                0x0800332c      0x10c ./Drivers/STM32L4xx_HAL_Driver/Src/stm32l4xx_hal_adc.o
                0x0800332c                ADC_Enable
 .text.ADC_DMAConvCplt
                0x08003438       0xd8 ./Drivers/STM32L4xx_HAL_Driver/Src/stm32l4xx_hal_adc.o
                0x08003438                ADC_DMAConvCplt
 .text.ADC_DMAHalfConvCplt
                0x08003510       0x1c ./Drivers/STM32L4xx_HAL_Driver/Src/stm32l4xx_hal_adc.o
                0x08003510                ADC_DMAHalfConvCplt
 .text.ADC_DMAError
                0x0800352c       0x34 ./Drivers/STM32L4xx_HAL_Driver/Src/stm32l4xx_hal_adc.o
                0x0800352c                ADC_DMAError
 .text.HAL_ADCEx_InjectedConvCpltCallback
                0x08003560       0x14 ./Drivers/STM32L4xx_HAL_Driver/Src/stm32l4xx_hal_adc_ex.o
                0x08003560                HAL_ADCEx_InjectedConvCpltCallback
 .text.HAL_ADCEx_InjectedQueueOverflowCallback
                0x08003574       0x14 ./Drivers/STM32L4xx_HAL_Driver/Src/stm32l4xx_hal_adc_ex.o
                0x08003574                HAL_ADCEx_InjectedQueueOverflowCallback
 .text.HAL_ADCEx_LevelOutOfWindow2Callback
                0x08003588       0x14 ./Drivers/STM32L4xx_HAL_Driver/Src/stm32l4xx_hal_adc_ex.o
                0x08003588                HAL_ADCEx_LevelOutOfWindow2Callback
 .text.HAL_ADCEx_LevelOutOfWindow3Callback
                0x0800359c       0x14 ./Drivers/STM32L4xx_HAL_Driver/Src/stm32l4xx_hal_adc_ex.o
                0x0800359c                HAL_ADCEx_LevelOutOfWindow3Callback
 .text.HAL_ADCEx_EndOfSamplingCallback
                0x080035b0       0x14 ./Drivers/STM32L4xx_HAL_Driver/Src/stm32l4xx_hal_adc_ex.o
                0x080035b0                HAL_ADCEx_EndOfSamplingCallback
 .text.__NVIC_SetPriorityGrouping
                0x080035c4       0x48 ./Drivers/STM32L4xx_HAL_Driver/Src/stm32l4xx_hal_cortex.o
 .text.__NVIC_GetPriorityGrouping
                0x0800360c       0x1c ./Drivers/STM32L4xx_HAL_Driver/Src/stm32l4xx_hal_cortex.o
 .text.__NVIC_EnableIRQ
                0x08003628       0x3c ./Drivers/STM32L4xx_HAL_Driver/Src/stm32l4xx_hal_cortex.o
 .text.__NVIC_SetPriority
                0x08003664       0x54 ./Drivers/STM32L4xx_HAL_Driver/Src/stm32l4xx_hal_cortex.o
 .text.NVIC_EncodePriority
                0x080036b8       0x66 ./Drivers/STM32L4xx_HAL_Driver/Src/stm32l4xx_hal_cortex.o
 *fill*         0x0800371e        0x2 
 .text.SysTick_Config
                0x08003720       0x44 ./Drivers/STM32L4xx_HAL_Driver/Src/stm32l4xx_hal_cortex.o
 .text.HAL_NVIC_SetPriorityGrouping
                0x08003764       0x16 ./Drivers/STM32L4xx_HAL_Driver/Src/stm32l4xx_hal_cortex.o
                0x08003764                HAL_NVIC_SetPriorityGrouping
 .text.HAL_NVIC_SetPriority
                0x0800377a       0x38 ./Drivers/STM32L4xx_HAL_Driver/Src/stm32l4xx_hal_cortex.o
                0x0800377a                HAL_NVIC_SetPriority
 .text.HAL_NVIC_EnableIRQ
                0x080037b2       0x1c ./Drivers/STM32L4xx_HAL_Driver/Src/stm32l4xx_hal_cortex.o
                0x080037b2                HAL_NVIC_EnableIRQ
 .text.HAL_SYSTICK_Config
                0x080037ce       0x18 ./Drivers/STM32L4xx_HAL_Driver/Src/stm32l4xx_hal_cortex.o
                0x080037ce                HAL_SYSTICK_Config
 *fill*         0x080037e6        0x2 
 .text.HAL_CRC_Init
                0x080037e8       0xc8 ./Drivers/STM32L4xx_HAL_Driver/Src/stm32l4xx_hal_crc.o
                0x080037e8                HAL_CRC_Init
 .text.HAL_CRCEx_Polynomial_Set
                0x080038b0      0x10c ./Drivers/STM32L4xx_HAL_Driver/Src/stm32l4xx_hal_crc_ex.o
                0x080038b0                HAL_CRCEx_Polynomial_Set
 .text.HAL_DMA_Init
                0x080039bc      0x170 ./Drivers/STM32L4xx_HAL_Driver/Src/stm32l4xx_hal_dma.o
                0x080039bc                HAL_DMA_Init
 .text.HAL_DMA_Start_IT
                0x08003b2c       0xc0 ./Drivers/STM32L4xx_HAL_Driver/Src/stm32l4xx_hal_dma.o
                0x08003b2c                HAL_DMA_Start_IT
 .text.HAL_DMA_IRQHandler
                0x08003bec      0x15e ./Drivers/STM32L4xx_HAL_Driver/Src/stm32l4xx_hal_dma.o
                0x08003bec                HAL_DMA_IRQHandler
 .text.DMA_SetConfig
                0x08003d4a       0x60 ./Drivers/STM32L4xx_HAL_Driver/Src/stm32l4xx_hal_dma.o
 *fill*         0x08003daa        0x2 
 .text.HAL_GPIO_Init
                0x08003dac      0x2d4 ./Drivers/STM32L4xx_HAL_Driver/Src/stm32l4xx_hal_gpio.o
                0x08003dac                HAL_GPIO_Init
 .text.HAL_GPIO_WritePin
                0x08004080       0x30 ./Drivers/STM32L4xx_HAL_Driver/Src/stm32l4xx_hal_gpio.o
                0x08004080                HAL_GPIO_WritePin
 .text.HAL_GPIO_TogglePin
                0x080040b0       0x34 ./Drivers/STM32L4xx_HAL_Driver/Src/stm32l4xx_hal_gpio.o
                0x080040b0                HAL_GPIO_TogglePin
 .text.HAL_PWR_EnableBkUpAccess
                0x080040e4       0x20 ./Drivers/STM32L4xx_HAL_Driver/Src/stm32l4xx_hal_pwr.o
                0x080040e4                HAL_PWR_EnableBkUpAccess
 .text.HAL_PWREx_GetVoltageRange
                0x08004104       0x1c ./Drivers/STM32L4xx_HAL_Driver/Src/stm32l4xx_hal_pwr_ex.o
                0x08004104                HAL_PWREx_GetVoltageRange
 .text.HAL_PWREx_ControlVoltageScaling
                0x08004120       0xac ./Drivers/STM32L4xx_HAL_Driver/Src/stm32l4xx_hal_pwr_ex.o
                0x08004120                HAL_PWREx_ControlVoltageScaling
 .text.HAL_RCC_OscConfig
                0x080041cc      0x828 ./Drivers/STM32L4xx_HAL_Driver/Src/stm32l4xx_hal_rcc.o
                0x080041cc                HAL_RCC_OscConfig
 .text.HAL_RCC_ClockConfig
                0x080049f4      0x200 ./Drivers/STM32L4xx_HAL_Driver/Src/stm32l4xx_hal_rcc.o
                0x080049f4                HAL_RCC_ClockConfig
 .text.HAL_RCC_GetSysClockFreq
                0x08004bf4      0x118 ./Drivers/STM32L4xx_HAL_Driver/Src/stm32l4xx_hal_rcc.o
                0x08004bf4                HAL_RCC_GetSysClockFreq
 .text.HAL_RCC_GetHCLKFreq
                0x08004d0c       0x18 ./Drivers/STM32L4xx_HAL_Driver/Src/stm32l4xx_hal_rcc.o
                0x08004d0c                HAL_RCC_GetHCLKFreq
 .text.HAL_RCC_GetPCLK1Freq
                0x08004d24       0x2c ./Drivers/STM32L4xx_HAL_Driver/Src/stm32l4xx_hal_rcc.o
                0x08004d24                HAL_RCC_GetPCLK1Freq
 .text.HAL_RCC_GetPCLK2Freq
                0x08004d50       0x2c ./Drivers/STM32L4xx_HAL_Driver/Src/stm32l4xx_hal_rcc.o
                0x08004d50                HAL_RCC_GetPCLK2Freq
 .text.RCC_SetFlashLatencyFromMSIRange
                0x08004d7c       0xc0 ./Drivers/STM32L4xx_HAL_Driver/Src/stm32l4xx_hal_rcc.o
 .text.HAL_RCCEx_PeriphCLKConfig
                0x08004e3c      0x3ec ./Drivers/STM32L4xx_HAL_Driver/Src/stm32l4xx_hal_rcc_ex.o
                0x08004e3c                HAL_RCCEx_PeriphCLKConfig
 .text.HAL_RCCEx_EnableMSIPLLMode
                0x08005228       0x20 ./Drivers/STM32L4xx_HAL_Driver/Src/stm32l4xx_hal_rcc_ex.o
                0x08005228                HAL_RCCEx_EnableMSIPLLMode
 .text.RCCEx_PLLSAI1_Config
                0x08005248      0x1e4 ./Drivers/STM32L4xx_HAL_Driver/Src/stm32l4xx_hal_rcc_ex.o
 .text.HAL_RTC_Init
                0x0800542c       0xf6 ./Drivers/STM32L4xx_HAL_Driver/Src/stm32l4xx_hal_rtc.o
                0x0800542c                HAL_RTC_Init
 .text.HAL_RTC_WaitForSynchro
                0x08005522       0x4c ./Drivers/STM32L4xx_HAL_Driver/Src/stm32l4xx_hal_rtc.o
                0x08005522                HAL_RTC_WaitForSynchro
 .text.RTC_EnterInitMode
                0x0800556e       0x66 ./Drivers/STM32L4xx_HAL_Driver/Src/stm32l4xx_hal_rtc.o
                0x0800556e                RTC_EnterInitMode
 .text.RTC_ExitInitMode
                0x080055d4       0x7c ./Drivers/STM32L4xx_HAL_Driver/Src/stm32l4xx_hal_rtc.o
                0x080055d4                RTC_ExitInitMode
 .text.HAL_SMBUS_Init
                0x08005650      0x170 ./Drivers/STM32L4xx_HAL_Driver/Src/stm32l4xx_hal_smbus.o
                0x08005650                HAL_SMBUS_Init
 .text.HAL_SMBUS_EV_IRQHandler
                0x080057c0      0x13c ./Drivers/STM32L4xx_HAL_Driver/Src/stm32l4xx_hal_smbus.o
                0x080057c0                HAL_SMBUS_EV_IRQHandler
 .text.HAL_SMBUS_ER_IRQHandler
                0x080058fc       0x16 ./Drivers/STM32L4xx_HAL_Driver/Src/stm32l4xx_hal_smbus.o
                0x080058fc                HAL_SMBUS_ER_IRQHandler
 .text.HAL_SMBUS_MasterTxCpltCallback
                0x08005912       0x14 ./Drivers/STM32L4xx_HAL_Driver/Src/stm32l4xx_hal_smbus.o
                0x08005912                HAL_SMBUS_MasterTxCpltCallback
 .text.HAL_SMBUS_MasterRxCpltCallback
                0x08005926       0x14 ./Drivers/STM32L4xx_HAL_Driver/Src/stm32l4xx_hal_smbus.o
                0x08005926                HAL_SMBUS_MasterRxCpltCallback
 .text.HAL_SMBUS_SlaveTxCpltCallback
                0x0800593a       0x14 ./Drivers/STM32L4xx_HAL_Driver/Src/stm32l4xx_hal_smbus.o
                0x0800593a                HAL_SMBUS_SlaveTxCpltCallback
 .text.HAL_SMBUS_SlaveRxCpltCallback
                0x0800594e       0x14 ./Drivers/STM32L4xx_HAL_Driver/Src/stm32l4xx_hal_smbus.o
                0x0800594e                HAL_SMBUS_SlaveRxCpltCallback
 .text.HAL_SMBUS_AddrCallback
                0x08005962       0x1c ./Drivers/STM32L4xx_HAL_Driver/Src/stm32l4xx_hal_smbus.o
                0x08005962                HAL_SMBUS_AddrCallback
 .text.HAL_SMBUS_ListenCpltCallback
                0x0800597e       0x14 ./Drivers/STM32L4xx_HAL_Driver/Src/stm32l4xx_hal_smbus.o
                0x0800597e                HAL_SMBUS_ListenCpltCallback
 .text.HAL_SMBUS_ErrorCallback
                0x08005992       0x14 ./Drivers/STM32L4xx_HAL_Driver/Src/stm32l4xx_hal_smbus.o
                0x08005992                HAL_SMBUS_ErrorCallback
 *fill*         0x080059a6        0x2 
 .text.SMBUS_Master_ISR
                0x080059a8      0x3a4 ./Drivers/STM32L4xx_HAL_Driver/Src/stm32l4xx_hal_smbus.o
 .text.SMBUS_Slave_ISR
                0x08005d4c      0x3b8 ./Drivers/STM32L4xx_HAL_Driver/Src/stm32l4xx_hal_smbus.o
 .text.SMBUS_Disable_IRQ
                0x08006104       0xfa ./Drivers/STM32L4xx_HAL_Driver/Src/stm32l4xx_hal_smbus.o
 .text.SMBUS_ITErrorHandler
                0x080061fe      0x16a ./Drivers/STM32L4xx_HAL_Driver/Src/stm32l4xx_hal_smbus.o
 .text.SMBUS_Flush_TXDR
                0x08006368       0x48 ./Drivers/STM32L4xx_HAL_Driver/Src/stm32l4xx_hal_smbus.o
 .text.SMBUS_TransferConfig
                0x080063b0       0x5c ./Drivers/STM32L4xx_HAL_Driver/Src/stm32l4xx_hal_smbus.o
 .text.HAL_TIM_Base_Init
                0x0800640c       0xae ./Drivers/STM32L4xx_HAL_Driver/Src/stm32l4xx_hal_tim.o
                0x0800640c                HAL_TIM_Base_Init
 *fill*         0x080064ba        0x2 
 .text.HAL_TIM_Base_Start_IT
                0x080064bc       0xa8 ./Drivers/STM32L4xx_HAL_Driver/Src/stm32l4xx_hal_tim.o
                0x080064bc                HAL_TIM_Base_Start_IT
 .text.HAL_TIM_IRQHandler
                0x08006564      0x23e ./Drivers/STM32L4xx_HAL_Driver/Src/stm32l4xx_hal_tim.o
                0x08006564                HAL_TIM_IRQHandler
 .text.HAL_TIM_OC_DelayElapsedCallback
                0x080067a2       0x14 ./Drivers/STM32L4xx_HAL_Driver/Src/stm32l4xx_hal_tim.o
                0x080067a2                HAL_TIM_OC_DelayElapsedCallback
 .text.HAL_TIM_IC_CaptureCallback
                0x080067b6       0x14 ./Drivers/STM32L4xx_HAL_Driver/Src/stm32l4xx_hal_tim.o
                0x080067b6                HAL_TIM_IC_CaptureCallback
 .text.HAL_TIM_PWM_PulseFinishedCallback
                0x080067ca       0x14 ./Drivers/STM32L4xx_HAL_Driver/Src/stm32l4xx_hal_tim.o
                0x080067ca                HAL_TIM_PWM_PulseFinishedCallback
 .text.HAL_TIM_TriggerCallback
                0x080067de       0x14 ./Drivers/STM32L4xx_HAL_Driver/Src/stm32l4xx_hal_tim.o
                0x080067de                HAL_TIM_TriggerCallback
 *fill*         0x080067f2        0x2 
 .text.TIM_Base_SetConfig
                0x080067f4       0xc8 ./Drivers/STM32L4xx_HAL_Driver/Src/stm32l4xx_hal_tim.o
                0x080067f4                TIM_Base_SetConfig
 .text.HAL_TIMEx_MasterConfigSynchronization
                0x080068bc       0xcc ./Drivers/STM32L4xx_HAL_Driver/Src/stm32l4xx_hal_tim_ex.o
                0x080068bc                HAL_TIMEx_MasterConfigSynchronization
 .text.HAL_TIMEx_CommutCallback
                0x08006988       0x14 ./Drivers/STM32L4xx_HAL_Driver/Src/stm32l4xx_hal_tim_ex.o
                0x08006988                HAL_TIMEx_CommutCallback
 .text.HAL_TIMEx_BreakCallback
                0x0800699c       0x14 ./Drivers/STM32L4xx_HAL_Driver/Src/stm32l4xx_hal_tim_ex.o
                0x0800699c                HAL_TIMEx_BreakCallback
 .text.HAL_TIMEx_Break2Callback
                0x080069b0       0x14 ./Drivers/STM32L4xx_HAL_Driver/Src/stm32l4xx_hal_tim_ex.o
                0x080069b0                HAL_TIMEx_Break2Callback
 .text.HAL_UART_Init
                0x080069c4       0x9c ./Drivers/STM32L4xx_HAL_Driver/Src/stm32l4xx_hal_uart.o
                0x080069c4                HAL_UART_Init
 .text.HAL_UART_Transmit
                0x08006a60      0x126 ./Drivers/STM32L4xx_HAL_Driver/Src/stm32l4xx_hal_uart.o
                0x08006a60                HAL_UART_Transmit
 *fill*         0x08006b86        0x2 
 .text.UART_SetConfig
                0x08006b88      0x458 ./Drivers/STM32L4xx_HAL_Driver/Src/stm32l4xx_hal_uart.o
                0x08006b88                UART_SetConfig
 .text.UART_AdvFeatureConfig
                0x08006fe0      0x144 ./Drivers/STM32L4xx_HAL_Driver/Src/stm32l4xx_hal_uart.o
                0x08006fe0                UART_AdvFeatureConfig
 .text.UART_CheckIdleState
                0x08007124       0x92 ./Drivers/STM32L4xx_HAL_Driver/Src/stm32l4xx_hal_uart.o
                0x08007124                UART_CheckIdleState
 .text.UART_WaitOnFlagUntilTimeout
                0x080071b6      0x188 ./Drivers/STM32L4xx_HAL_Driver/Src/stm32l4xx_hal_uart.o
                0x080071b6                UART_WaitOnFlagUntilTimeout
 .text.__cvt    0x0800733e       0xca /opt/st/stm32cubeide_1.12.0/plugins/com.st.stm32cube.ide.mcu.externaltools.gnu-tools-for-stm32.12.3.rel1.linux64_1.0.100.202403111256/tools/bin/../lib/gcc/arm-none-eabi/12.3.1/../../../../arm-none-eabi/lib/thumb/v7e-m+fp/hard/libc_nano.a(libc_a-nano-vfprintf_float.o)
                0x0800733e                __cvt
 .text.__exponent
                0x08007408       0x74 /opt/st/stm32cubeide_1.12.0/plugins/com.st.stm32cube.ide.mcu.externaltools.gnu-tools-for-stm32.12.3.rel1.linux64_1.0.100.202403111256/tools/bin/../lib/gcc/arm-none-eabi/12.3.1/../../../../arm-none-eabi/lib/thumb/v7e-m+fp/hard/libc_nano.a(libc_a-nano-vfprintf_float.o)
                0x08007408                __exponent
 .text._printf_float
                0x0800747c      0x454 /opt/st/stm32cubeide_1.12.0/plugins/com.st.stm32cube.ide.mcu.externaltools.gnu-tools-for-stm32.12.3.rel1.linux64_1.0.100.202403111256/tools/bin/../lib/gcc/arm-none-eabi/12.3.1/../../../../arm-none-eabi/lib/thumb/v7e-m+fp/hard/libc_nano.a(libc_a-nano-vfprintf_float.o)
                0x0800747c                _printf_float
 .text._printf_common
                0x080078d0       0xda /opt/st/stm32cubeide_1.12.0/plugins/com.st.stm32cube.ide.mcu.externaltools.gnu-tools-for-stm32.12.3.rel1.linux64_1.0.100.202403111256/tools/bin/../lib/gcc/arm-none-eabi/12.3.1/../../../../arm-none-eabi/lib/thumb/v7e-m+fp/hard/libc_nano.a(libc_a-nano-vfprintf_i.o)
                0x080078d0                _printf_common
 *fill*         0x080079aa        0x2 
 .text._printf_i
                0x080079ac      0x240 /opt/st/stm32cubeide_1.12.0/plugins/com.st.stm32cube.ide.mcu.externaltools.gnu-tools-for-stm32.12.3.rel1.linux64_1.0.100.202403111256/tools/bin/../lib/gcc/arm-none-eabi/12.3.1/../../../../arm-none-eabi/lib/thumb/v7e-m+fp/hard/libc_nano.a(libc_a-nano-vfprintf_i.o)
                0x080079ac                _printf_i
 .text._scanf_float
                0x08007bec      0x428 /opt/st/stm32cubeide_1.12.0/plugins/com.st.stm32cube.ide.mcu.externaltools.gnu-tools-for-stm32.12.3.rel1.linux64_1.0.100.202403111256/tools/bin/../lib/gcc/arm-none-eabi/12.3.1/../../../../arm-none-eabi/lib/thumb/v7e-m+fp/hard/libc_nano.a(libc_a-nano-vfscanf_float.o)
                0x08007bec                _scanf_float
 .text.std      0x08008014       0x6c /opt/st/stm32cubeide_1.12.0/plugins/com.st.stm32cube.ide.mcu.externaltools.gnu-tools-for-stm32.12.3.rel1.linux64_1.0.100.202403111256/tools/bin/../lib/gcc/arm-none-eabi/12.3.1/../../../../arm-none-eabi/lib/thumb/v7e-m+fp/hard/libc_nano.a(libc_a-findfp.o)
 .text.stdio_exit_handler
                0x08008080       0x18 /opt/st/stm32cubeide_1.12.0/plugins/com.st.stm32cube.ide.mcu.externaltools.gnu-tools-for-stm32.12.3.rel1.linux64_1.0.100.202403111256/tools/bin/../lib/gcc/arm-none-eabi/12.3.1/../../../../arm-none-eabi/lib/thumb/v7e-m+fp/hard/libc_nano.a(libc_a-findfp.o)
 .text.cleanup_stdio
                0x08008098       0x40 /opt/st/stm32cubeide_1.12.0/plugins/com.st.stm32cube.ide.mcu.externaltools.gnu-tools-for-stm32.12.3.rel1.linux64_1.0.100.202403111256/tools/bin/../lib/gcc/arm-none-eabi/12.3.1/../../../../arm-none-eabi/lib/thumb/v7e-m+fp/hard/libc_nano.a(libc_a-findfp.o)
 .text.global_stdio_init.part.0
                0x080080d8       0x3c /opt/st/stm32cubeide_1.12.0/plugins/com.st.stm32cube.ide.mcu.externaltools.gnu-tools-for-stm32.12.3.rel1.linux64_1.0.100.202403111256/tools/bin/../lib/gcc/arm-none-eabi/12.3.1/../../../../arm-none-eabi/lib/thumb/v7e-m+fp/hard/libc_nano.a(libc_a-findfp.o)
 .text.__sfp_lock_acquire
                0x08008114        0xc /opt/st/stm32cubeide_1.12.0/plugins/com.st.stm32cube.ide.mcu.externaltools.gnu-tools-for-stm32.12.3.rel1.linux64_1.0.100.202403111256/tools/bin/../lib/gcc/arm-none-eabi/12.3.1/../../../../arm-none-eabi/lib/thumb/v7e-m+fp/hard/libc_nano.a(libc_a-findfp.o)
                0x08008114                __sfp_lock_acquire
 .text.__sfp_lock_release
                0x08008120        0xc /opt/st/stm32cubeide_1.12.0/plugins/com.st.stm32cube.ide.mcu.externaltools.gnu-tools-for-stm32.12.3.rel1.linux64_1.0.100.202403111256/tools/bin/../lib/gcc/arm-none-eabi/12.3.1/../../../../arm-none-eabi/lib/thumb/v7e-m+fp/hard/libc_nano.a(libc_a-findfp.o)
                0x08008120                __sfp_lock_release
 .text.__sinit  0x0800812c       0x30 /opt/st/stm32cubeide_1.12.0/plugins/com.st.stm32cube.ide.mcu.externaltools.gnu-tools-for-stm32.12.3.rel1.linux64_1.0.100.202403111256/tools/bin/../lib/gcc/arm-none-eabi/12.3.1/../../../../arm-none-eabi/lib/thumb/v7e-m+fp/hard/libc_nano.a(libc_a-findfp.o)
                0x0800812c                __sinit
 .text._fwalk_sglue
                0x0800815c       0x3c /opt/st/stm32cubeide_1.12.0/plugins/com.st.stm32cube.ide.mcu.externaltools.gnu-tools-for-stm32.12.3.rel1.linux64_1.0.100.202403111256/tools/bin/../lib/gcc/arm-none-eabi/12.3.1/../../../../arm-none-eabi/lib/thumb/v7e-m+fp/hard/libc_nano.a(libc_a-fwalk.o)
                0x0800815c                _fwalk_sglue
 .text.printf   0x08008198       0x24 /opt/st/stm32cubeide_1.12.0/plugins/com.st.stm32cube.ide.mcu.externaltools.gnu-tools-for-stm32.12.3.rel1.linux64_1.0.100.202403111256/tools/bin/../lib/gcc/arm-none-eabi/12.3.1/../../../../arm-none-eabi/lib/thumb/v7e-m+fp/hard/libc_nano.a(libc_a-printf.o)
                0x08008198                printf
                0x08008198                iprintf
 .text._puts_r  0x080081bc       0xaa /opt/st/stm32cubeide_1.12.0/plugins/com.st.stm32cube.ide.mcu.externaltools.gnu-tools-for-stm32.12.3.rel1.linux64_1.0.100.202403111256/tools/bin/../lib/gcc/arm-none-eabi/12.3.1/../../../../arm-none-eabi/lib/thumb/v7e-m+fp/hard/libc_nano.a(libc_a-puts.o)
                0x080081bc                _puts_r
 *fill*         0x08008266        0x2 
 .text.puts     0x08008268       0x10 /opt/st/stm32cubeide_1.12.0/plugins/com.st.stm32cube.ide.mcu.externaltools.gnu-tools-for-stm32.12.3.rel1.linux64_1.0.100.202403111256/tools/bin/../lib/gcc/arm-none-eabi/12.3.1/../../../../arm-none-eabi/lib/thumb/v7e-m+fp/hard/libc_nano.a(libc_a-puts.o)
                0x08008268                puts
 .text.sprintf  0x08008278       0x40 /opt/st/stm32cubeide_1.12.0/plugins/com.st.stm32cube.ide.mcu.externaltools.gnu-tools-for-stm32.12.3.rel1.linux64_1.0.100.202403111256/tools/bin/../lib/gcc/arm-none-eabi/12.3.1/../../../../arm-none-eabi/lib/thumb/v7e-m+fp/hard/libc_nano.a(libc_a-sprintf.o)
                0x08008278                sprintf
                0x08008278                siprintf
 .text.__sread  0x080082b8       0x22 /opt/st/stm32cubeide_1.12.0/plugins/com.st.stm32cube.ide.mcu.externaltools.gnu-tools-for-stm32.12.3.rel1.linux64_1.0.100.202403111256/tools/bin/../lib/gcc/arm-none-eabi/12.3.1/../../../../arm-none-eabi/lib/thumb/v7e-m+fp/hard/libc_nano.a(libc_a-stdio.o)
                0x080082b8                __sread
 .text.__swrite
                0x080082da       0x38 /opt/st/stm32cubeide_1.12.0/plugins/com.st.stm32cube.ide.mcu.externaltools.gnu-tools-for-stm32.12.3.rel1.linux64_1.0.100.202403111256/tools/bin/../lib/gcc/arm-none-eabi/12.3.1/../../../../arm-none-eabi/lib/thumb/v7e-m+fp/hard/libc_nano.a(libc_a-stdio.o)
                0x080082da                __swrite
 .text.__sseek  0x08008312       0x24 /opt/st/stm32cubeide_1.12.0/plugins/com.st.stm32cube.ide.mcu.externaltools.gnu-tools-for-stm32.12.3.rel1.linux64_1.0.100.202403111256/tools/bin/../lib/gcc/arm-none-eabi/12.3.1/../../../../arm-none-eabi/lib/thumb/v7e-m+fp/hard/libc_nano.a(libc_a-stdio.o)
                0x08008312                __sseek
 .text.__sclose
                0x08008336        0x8 /opt/st/stm32cubeide_1.12.0/plugins/com.st.stm32cube.ide.mcu.externaltools.gnu-tools-for-stm32.12.3.rel1.linux64_1.0.100.202403111256/tools/bin/../lib/gcc/arm-none-eabi/12.3.1/../../../../arm-none-eabi/lib/thumb/v7e-m+fp/hard/libc_nano.a(libc_a-stdio.o)
                0x08008336                __sclose
 .text.__swbuf_r
                0x0800833e       0x7c /opt/st/stm32cubeide_1.12.0/plugins/com.st.stm32cube.ide.mcu.externaltools.gnu-tools-for-stm32.12.3.rel1.linux64_1.0.100.202403111256/tools/bin/../lib/gcc/arm-none-eabi/12.3.1/../../../../arm-none-eabi/lib/thumb/v7e-m+fp/hard/libc_nano.a(libc_a-wbuf.o)
                0x0800833e                __swbuf_r
 *fill*         0x080083ba        0x2 
 .text.__swsetup_r
                0x080083bc       0xac /opt/st/stm32cubeide_1.12.0/plugins/com.st.stm32cube.ide.mcu.externaltools.gnu-tools-for-stm32.12.3.rel1.linux64_1.0.100.202403111256/tools/bin/../lib/gcc/arm-none-eabi/12.3.1/../../../../arm-none-eabi/lib/thumb/v7e-m+fp/hard/libc_nano.a(libc_a-wsetup.o)
                0x080083bc                __swsetup_r
 .text.memset   0x08008468       0x10 /opt/st/stm32cubeide_1.12.0/plugins/com.st.stm32cube.ide.mcu.externaltools.gnu-tools-for-stm32.12.3.rel1.linux64_1.0.100.202403111256/tools/bin/../lib/gcc/arm-none-eabi/12.3.1/../../../../arm-none-eabi/lib/thumb/v7e-m+fp/hard/libc_nano.a(libc_a-memset.o)
                0x08008468                memset
 .text._localeconv_r
                0x08008478        0x8 /opt/st/stm32cubeide_1.12.0/plugins/com.st.stm32cube.ide.mcu.externaltools.gnu-tools-for-stm32.12.3.rel1.linux64_1.0.100.202403111256/tools/bin/../lib/gcc/arm-none-eabi/12.3.1/../../../../arm-none-eabi/lib/thumb/v7e-m+fp/hard/libc_nano.a(libc_a-localeconv.o)
                0x08008478                _localeconv_r
 .text._close_r
                0x08008480       0x20 /opt/st/stm32cubeide_1.12.0/plugins/com.st.stm32cube.ide.mcu.externaltools.gnu-tools-for-stm32.12.3.rel1.linux64_1.0.100.202403111256/tools/bin/../lib/gcc/arm-none-eabi/12.3.1/../../../../arm-none-eabi/lib/thumb/v7e-m+fp/hard/libc_nano.a(libc_a-closer.o)
                0x08008480                _close_r
 .text._lseek_r
                0x080084a0       0x24 /opt/st/stm32cubeide_1.12.0/plugins/com.st.stm32cube.ide.mcu.externaltools.gnu-tools-for-stm32.12.3.rel1.linux64_1.0.100.202403111256/tools/bin/../lib/gcc/arm-none-eabi/12.3.1/../../../../arm-none-eabi/lib/thumb/v7e-m+fp/hard/libc_nano.a(libc_a-lseekr.o)
                0x080084a0                _lseek_r
 .text._read_r  0x080084c4       0x24 /opt/st/stm32cubeide_1.12.0/plugins/com.st.stm32cube.ide.mcu.externaltools.gnu-tools-for-stm32.12.3.rel1.linux64_1.0.100.202403111256/tools/bin/../lib/gcc/arm-none-eabi/12.3.1/../../../../arm-none-eabi/lib/thumb/v7e-m+fp/hard/libc_nano.a(libc_a-readr.o)
                0x080084c4                _read_r
 .text._write_r
                0x080084e8       0x24 /opt/st/stm32cubeide_1.12.0/plugins/com.st.stm32cube.ide.mcu.externaltools.gnu-tools-for-stm32.12.3.rel1.linux64_1.0.100.202403111256/tools/bin/../lib/gcc/arm-none-eabi/12.3.1/../../../../arm-none-eabi/lib/thumb/v7e-m+fp/hard/libc_nano.a(libc_a-writer.o)
                0x080084e8                _write_r
 .text.__errno  0x0800850c        0xc /opt/st/stm32cubeide_1.12.0/plugins/com.st.stm32cube.ide.mcu.externaltools.gnu-tools-for-stm32.12.3.rel1.linux64_1.0.100.202403111256/tools/bin/../lib/gcc/arm-none-eabi/12.3.1/../../../../arm-none-eabi/lib/thumb/v7e-m+fp/hard/libc_nano.a(libc_a-errno.o)
                0x0800850c                __errno
 .text.__libc_init_array
                0x08008518       0x48 /opt/st/stm32cubeide_1.12.0/plugins/com.st.stm32cube.ide.mcu.externaltools.gnu-tools-for-stm32.12.3.rel1.linux64_1.0.100.202403111256/tools/bin/../lib/gcc/arm-none-eabi/12.3.1/../../../../arm-none-eabi/lib/thumb/v7e-m+fp/hard/libc_nano.a(libc_a-init.o)
                0x08008518                __libc_init_array
 .text.__retarget_lock_init_recursive
                0x08008560        0x2 /opt/st/stm32cubeide_1.12.0/plugins/com.st.stm32cube.ide.mcu.externaltools.gnu-tools-for-stm32.12.3.rel1.linux64_1.0.100.202403111256/tools/bin/../lib/gcc/arm-none-eabi/12.3.1/../../../../arm-none-eabi/lib/thumb/v7e-m+fp/hard/libc_nano.a(libc_a-lock.o)
                0x08008560                __retarget_lock_init_recursive
 .text.__retarget_lock_acquire_recursive
                0x08008562        0x2 /opt/st/stm32cubeide_1.12.0/plugins/com.st.stm32cube.ide.mcu.externaltools.gnu-tools-for-stm32.12.3.rel1.linux64_1.0.100.202403111256/tools/bin/../lib/gcc/arm-none-eabi/12.3.1/../../../../arm-none-eabi/lib/thumb/v7e-m+fp/hard/libc_nano.a(libc_a-lock.o)
                0x08008562                __retarget_lock_acquire_recursive
 .text.__retarget_lock_release_recursive
                0x08008564        0x2 /opt/st/stm32cubeide_1.12.0/plugins/com.st.stm32cube.ide.mcu.externaltools.gnu-tools-for-stm32.12.3.rel1.linux64_1.0.100.202403111256/tools/bin/../lib/gcc/arm-none-eabi/12.3.1/../../../../arm-none-eabi/lib/thumb/v7e-m+fp/hard/libc_nano.a(libc_a-lock.o)
                0x08008564                __retarget_lock_release_recursive
 *fill*         0x08008566        0x2 
 .text.nanf     0x08008568        0xc /opt/st/stm32cubeide_1.12.0/plugins/com.st.stm32cube.ide.mcu.externaltools.gnu-tools-for-stm32.12.3.rel1.linux64_1.0.100.202403111256/tools/bin/../lib/gcc/arm-none-eabi/12.3.1/../../../../arm-none-eabi/lib/thumb/v7e-m+fp/hard/libc_nano.a(libm_a-sf_nan.o)
                0x08008568                nanf
 .text.quorem   0x08008574      0x110 /opt/st/stm32cubeide_1.12.0/plugins/com.st.stm32cube.ide.mcu.externaltools.gnu-tools-for-stm32.12.3.rel1.linux64_1.0.100.202403111256/tools/bin/../lib/gcc/arm-none-eabi/12.3.1/../../../../arm-none-eabi/lib/thumb/v7e-m+fp/hard/libc_nano.a(libc_a-dtoa.o)
 *fill*         0x08008684        0x4 
 .text._dtoa_r  0x08008688      0xb88 /opt/st/stm32cubeide_1.12.0/plugins/com.st.stm32cube.ide.mcu.externaltools.gnu-tools-for-stm32.12.3.rel1.linux64_1.0.100.202403111256/tools/bin/../lib/gcc/arm-none-eabi/12.3.1/../../../../arm-none-eabi/lib/thumb/v7e-m+fp/hard/libc_nano.a(libc_a-dtoa.o)
                0x08008688                _dtoa_r
 .text._free_r  0x08009210       0x94 /opt/st/stm32cubeide_1.12.0/plugins/com.st.stm32cube.ide.mcu.externaltools.gnu-tools-for-stm32.12.3.rel1.linux64_1.0.100.202403111256/tools/bin/../lib/gcc/arm-none-eabi/12.3.1/../../../../arm-none-eabi/lib/thumb/v7e-m+fp/hard/libc_nano.a(libc_a-freer.o)
                0x08009210                _free_r
 .text.malloc   0x080092a4       0x10 /opt/st/stm32cubeide_1.12.0/plugins/com.st.stm32cube.ide.mcu.externaltools.gnu-tools-for-stm32.12.3.rel1.linux64_1.0.100.202403111256/tools/bin/../lib/gcc/arm-none-eabi/12.3.1/../../../../arm-none-eabi/lib/thumb/v7e-m+fp/hard/libc_nano.a(libc_a-malloc.o)
                0x080092a4                malloc
 .text.sbrk_aligned
                0x080092b4       0x44 /opt/st/stm32cubeide_1.12.0/plugins/com.st.stm32cube.ide.mcu.externaltools.gnu-tools-for-stm32.12.3.rel1.linux64_1.0.100.202403111256/tools/bin/../lib/gcc/arm-none-eabi/12.3.1/../../../../arm-none-eabi/lib/thumb/v7e-m+fp/hard/libc_nano.a(libc_a-mallocr.o)
 .text._malloc_r
                0x080092f8      0x100 /opt/st/stm32cubeide_1.12.0/plugins/com.st.stm32cube.ide.mcu.externaltools.gnu-tools-for-stm32.12.3.rel1.linux64_1.0.100.202403111256/tools/bin/../lib/gcc/arm-none-eabi/12.3.1/../../../../arm-none-eabi/lib/thumb/v7e-m+fp/hard/libc_nano.a(libc_a-mallocr.o)
                0x080092f8                _malloc_r
 .text.__malloc_lock
                0x080093f8        0xc /opt/st/stm32cubeide_1.12.0/plugins/com.st.stm32cube.ide.mcu.externaltools.gnu-tools-for-stm32.12.3.rel1.linux64_1.0.100.202403111256/tools/bin/../lib/gcc/arm-none-eabi/12.3.1/../../../../arm-none-eabi/lib/thumb/v7e-m+fp/hard/libc_nano.a(libc_a-mlock.o)
                0x080093f8                __malloc_lock
 .text.__malloc_unlock
                0x08009404        0xc /opt/st/stm32cubeide_1.12.0/plugins/com.st.stm32cube.ide.mcu.externaltools.gnu-tools-for-stm32.12.3.rel1.linux64_1.0.100.202403111256/tools/bin/../lib/gcc/arm-none-eabi/12.3.1/../../../../arm-none-eabi/lib/thumb/v7e-m+fp/hard/libc_nano.a(libc_a-mlock.o)
                0x08009404                __malloc_unlock
 .text._Balloc  0x08009410       0x80 /opt/st/stm32cubeide_1.12.0/plugins/com.st.stm32cube.ide.mcu.externaltools.gnu-tools-for-stm32.12.3.rel1.linux64_1.0.100.202403111256/tools/bin/../lib/gcc/arm-none-eabi/12.3.1/../../../../arm-none-eabi/lib/thumb/v7e-m+fp/hard/libc_nano.a(libc_a-mprec.o)
                0x08009410                _Balloc
 .text._Bfree   0x08009490       0x44 /opt/st/stm32cubeide_1.12.0/plugins/com.st.stm32cube.ide.mcu.externaltools.gnu-tools-for-stm32.12.3.rel1.linux64_1.0.100.202403111256/tools/bin/../lib/gcc/arm-none-eabi/12.3.1/../../../../arm-none-eabi/lib/thumb/v7e-m+fp/hard/libc_nano.a(libc_a-mprec.o)
                0x08009490                _Bfree
 .text.__multadd
                0x080094d4       0x8c /opt/st/stm32cubeide_1.12.0/plugins/com.st.stm32cube.ide.mcu.externaltools.gnu-tools-for-stm32.12.3.rel1.linux64_1.0.100.202403111256/tools/bin/../lib/gcc/arm-none-eabi/12.3.1/../../../../arm-none-eabi/lib/thumb/v7e-m+fp/hard/libc_nano.a(libc_a-mprec.o)
                0x080094d4                __multadd
 .text.__s2b    0x08009560       0x94 /opt/st/stm32cubeide_1.12.0/plugins/com.st.stm32cube.ide.mcu.externaltools.gnu-tools-for-stm32.12.3.rel1.linux64_1.0.100.202403111256/tools/bin/../lib/gcc/arm-none-eabi/12.3.1/../../../../arm-none-eabi/lib/thumb/v7e-m+fp/hard/libc_nano.a(libc_a-mprec.o)
                0x08009560                __s2b
 .text.__hi0bits
                0x080095f4       0x3e /opt/st/stm32cubeide_1.12.0/plugins/com.st.stm32cube.ide.mcu.externaltools.gnu-tools-for-stm32.12.3.rel1.linux64_1.0.100.202403111256/tools/bin/../lib/gcc/arm-none-eabi/12.3.1/../../../../arm-none-eabi/lib/thumb/v7e-m+fp/hard/libc_nano.a(libc_a-mprec.o)
                0x080095f4                __hi0bits
 .text.__lo0bits
                0x08009632       0x5a /opt/st/stm32cubeide_1.12.0/plugins/com.st.stm32cube.ide.mcu.externaltools.gnu-tools-for-stm32.12.3.rel1.linux64_1.0.100.202403111256/tools/bin/../lib/gcc/arm-none-eabi/12.3.1/../../../../arm-none-eabi/lib/thumb/v7e-m+fp/hard/libc_nano.a(libc_a-mprec.o)
                0x08009632                __lo0bits
 .text.__i2b    0x0800968c       0x2c /opt/st/stm32cubeide_1.12.0/plugins/com.st.stm32cube.ide.mcu.externaltools.gnu-tools-for-stm32.12.3.rel1.linux64_1.0.100.202403111256/tools/bin/../lib/gcc/arm-none-eabi/12.3.1/../../../../arm-none-eabi/lib/thumb/v7e-m+fp/hard/libc_nano.a(libc_a-mprec.o)
                0x0800968c                __i2b
 .text.__multiply
                0x080096b8      0x154 /opt/st/stm32cubeide_1.12.0/plugins/com.st.stm32cube.ide.mcu.externaltools.gnu-tools-for-stm32.12.3.rel1.linux64_1.0.100.202403111256/tools/bin/../lib/gcc/arm-none-eabi/12.3.1/../../../../arm-none-eabi/lib/thumb/v7e-m+fp/hard/libc_nano.a(libc_a-mprec.o)
                0x080096b8                __multiply
 .text.__pow5mult
                0x0800980c       0xb4 /opt/st/stm32cubeide_1.12.0/plugins/com.st.stm32cube.ide.mcu.externaltools.gnu-tools-for-stm32.12.3.rel1.linux64_1.0.100.202403111256/tools/bin/../lib/gcc/arm-none-eabi/12.3.1/../../../../arm-none-eabi/lib/thumb/v7e-m+fp/hard/libc_nano.a(libc_a-mprec.o)
                0x0800980c                __pow5mult
 .text.__lshift
                0x080098c0       0xd8 /opt/st/stm32cubeide_1.12.0/plugins/com.st.stm32cube.ide.mcu.externaltools.gnu-tools-for-stm32.12.3.rel1.linux64_1.0.100.202403111256/tools/bin/../lib/gcc/arm-none-eabi/12.3.1/../../../../arm-none-eabi/lib/thumb/v7e-m+fp/hard/libc_nano.a(libc_a-mprec.o)
                0x080098c0                __lshift
 .text.__mcmp   0x08009998       0x36 /opt/st/stm32cubeide_1.12.0/plugins/com.st.stm32cube.ide.mcu.externaltools.gnu-tools-for-stm32.12.3.rel1.linux64_1.0.100.202403111256/tools/bin/../lib/gcc/arm-none-eabi/12.3.1/../../../../arm-none-eabi/lib/thumb/v7e-m+fp/hard/libc_nano.a(libc_a-mprec.o)
                0x08009998                __mcmp
 *fill*         0x080099ce        0x2 
 .text.__mdiff  0x080099d0      0x128 /opt/st/stm32cubeide_1.12.0/plugins/com.st.stm32cube.ide.mcu.externaltools.gnu-tools-for-stm32.12.3.rel1.linux64_1.0.100.202403111256/tools/bin/../lib/gcc/arm-none-eabi/12.3.1/../../../../arm-none-eabi/lib/thumb/v7e-m+fp/hard/libc_nano.a(libc_a-mprec.o)
                0x080099d0                __mdiff
 .text.__ulp    0x08009af8       0x4c /opt/st/stm32cubeide_1.12.0/plugins/com.st.stm32cube.ide.mcu.externaltools.gnu-tools-for-stm32.12.3.rel1.linux64_1.0.100.202403111256/tools/bin/../lib/gcc/arm-none-eabi/12.3.1/../../../../arm-none-eabi/lib/thumb/v7e-m+fp/hard/libc_nano.a(libc_a-mprec.o)
                0x08009af8                __ulp
 .text.__b2d    0x08009b44       0x94 /opt/st/stm32cubeide_1.12.0/plugins/com.st.stm32cube.ide.mcu.externaltools.gnu-tools-for-stm32.12.3.rel1.linux64_1.0.100.202403111256/tools/bin/../lib/gcc/arm-none-eabi/12.3.1/../../../../arm-none-eabi/lib/thumb/v7e-m+fp/hard/libc_nano.a(libc_a-mprec.o)
                0x08009b44                __b2d
 .text.__d2b    0x08009bd8       0xb0 /opt/st/stm32cubeide_1.12.0/plugins/com.st.stm32cube.ide.mcu.externaltools.gnu-tools-for-stm32.12.3.rel1.linux64_1.0.100.202403111256/tools/bin/../lib/gcc/arm-none-eabi/12.3.1/../../../../arm-none-eabi/lib/thumb/v7e-m+fp/hard/libc_nano.a(libc_a-mprec.o)
                0x08009bd8                __d2b
 .text.__ratio  0x08009c88       0x64 /opt/st/stm32cubeide_1.12.0/plugins/com.st.stm32cube.ide.mcu.externaltools.gnu-tools-for-stm32.12.3.rel1.linux64_1.0.100.202403111256/tools/bin/../lib/gcc/arm-none-eabi/12.3.1/../../../../arm-none-eabi/lib/thumb/v7e-m+fp/hard/libc_nano.a(libc_a-mprec.o)
                0x08009c88                __ratio
 .text.__copybits
                0x08009cec       0x46 /opt/st/stm32cubeide_1.12.0/plugins/com.st.stm32cube.ide.mcu.externaltools.gnu-tools-for-stm32.12.3.rel1.linux64_1.0.100.202403111256/tools/bin/../lib/gcc/arm-none-eabi/12.3.1/../../../../arm-none-eabi/lib/thumb/v7e-m+fp/hard/libc_nano.a(libc_a-mprec.o)
                0x08009cec                __copybits
 .text.__any_on
                0x08009d32       0x42 /opt/st/stm32cubeide_1.12.0/plugins/com.st.stm32cube.ide.mcu.externaltools.gnu-tools-for-stm32.12.3.rel1.linux64_1.0.100.202403111256/tools/bin/../lib/gcc/arm-none-eabi/12.3.1/../../../../arm-none-eabi/lib/thumb/v7e-m+fp/hard/libc_nano.a(libc_a-mprec.o)
                0x08009d32                __any_on
 .text.sulp     0x08009d74       0x3c /opt/st/stm32cubeide_1.12.0/plugins/com.st.stm32cube.ide.mcu.externaltools.gnu-tools-for-stm32.12.3.rel1.linux64_1.0.100.202403111256/tools/bin/../lib/gcc/arm-none-eabi/12.3.1/../../../../arm-none-eabi/lib/thumb/v7e-m+fp/hard/libc_nano.a(libc_a-strtod.o)
 .text._strtod_l
                0x08009db0      0xbc8 /opt/st/stm32cubeide_1.12.0/plugins/com.st.stm32cube.ide.mcu.externaltools.gnu-tools-for-stm32.12.3.rel1.linux64_1.0.100.202403111256/tools/bin/../lib/gcc/arm-none-eabi/12.3.1/../../../../arm-none-eabi/lib/thumb/v7e-m+fp/hard/libc_nano.a(libc_a-strtod.o)
                0x08009db0                _strtod_l
 .text._strtod_r
                0x0800a978        0xc /opt/st/stm32cubeide_1.12.0/plugins/com.st.stm32cube.ide.mcu.externaltools.gnu-tools-for-stm32.12.3.rel1.linux64_1.0.100.202403111256/tools/bin/../lib/gcc/arm-none-eabi/12.3.1/../../../../arm-none-eabi/lib/thumb/v7e-m+fp/hard/libc_nano.a(libc_a-strtod.o)
                0x0800a978                _strtod_r
 .text._strtol_l.constprop.0
                0x0800a984       0xf4 /opt/st/stm32cubeide_1.12.0/plugins/com.st.stm32cube.ide.mcu.externaltools.gnu-tools-for-stm32.12.3.rel1.linux64_1.0.100.202403111256/tools/bin/../lib/gcc/arm-none-eabi/12.3.1/../../../../arm-none-eabi/lib/thumb/v7e-m+fp/hard/libc_nano.a(libc_a-strtol.o)
 .text._strtol_r
                0x0800aa78        0x4 /opt/st/stm32cubeide_1.12.0/plugins/com.st.stm32cube.ide.mcu.externaltools.gnu-tools-for-stm32.12.3.rel1.linux64_1.0.100.202403111256/tools/bin/../lib/gcc/arm-none-eabi/12.3.1/../../../../arm-none-eabi/lib/thumb/v7e-m+fp/hard/libc_nano.a(libc_a-strtol.o)
                0x0800aa78                _strtol_r
 .text.__ssputs_r
                0x0800aa7c       0xb6 /opt/st/stm32cubeide_1.12.0/plugins/com.st.stm32cube.ide.mcu.externaltools.gnu-tools-for-stm32.12.3.rel1.linux64_1.0.100.202403111256/tools/bin/../lib/gcc/arm-none-eabi/12.3.1/../../../../arm-none-eabi/lib/thumb/v7e-m+fp/hard/libc_nano.a(libc_a-nano-svfprintf.o)
                0x0800aa7c                __ssputs_r
 *fill*         0x0800ab32        0x2 
 .text._svfprintf_r
                0x0800ab34      0x1f8 /opt/st/stm32cubeide_1.12.0/plugins/com.st.stm32cube.ide.mcu.externaltools.gnu-tools-for-stm32.12.3.rel1.linux64_1.0.100.202403111256/tools/bin/../lib/gcc/arm-none-eabi/12.3.1/../../../../arm-none-eabi/lib/thumb/v7e-m+fp/hard/libc_nano.a(libc_a-nano-svfprintf.o)
                0x0800ab34                _svfprintf_r
                0x0800ab34                _svfiprintf_r
 .text.__sfputc_r
                0x0800ad2c       0x2e /opt/st/stm32cubeide_1.12.0/plugins/com.st.stm32cube.ide.mcu.externaltools.gnu-tools-for-stm32.12.3.rel1.linux64_1.0.100.202403111256/tools/bin/../lib/gcc/arm-none-eabi/12.3.1/../../../../arm-none-eabi/lib/thumb/v7e-m+fp/hard/libc_nano.a(libc_a-nano-vfprintf.o)
 .text.__sfputs_r
                0x0800ad5a       0x24 /opt/st/stm32cubeide_1.12.0/plugins/com.st.stm32cube.ide.mcu.externaltools.gnu-tools-for-stm32.12.3.rel1.linux64_1.0.100.202403111256/tools/bin/../lib/gcc/arm-none-eabi/12.3.1/../../../../arm-none-eabi/lib/thumb/v7e-m+fp/hard/libc_nano.a(libc_a-nano-vfprintf.o)
                0x0800ad5a                __sfputs_r
 *fill*         0x0800ad7e        0x2 
 .text._vfprintf_r
                0x0800ad80      0x230 /opt/st/stm32cubeide_1.12.0/plugins/com.st.stm32cube.ide.mcu.externaltools.gnu-tools-for-stm32.12.3.rel1.linux64_1.0.100.202403111256/tools/bin/../lib/gcc/arm-none-eabi/12.3.1/../../../../arm-none-eabi/lib/thumb/v7e-m+fp/hard/libc_nano.a(libc_a-nano-vfprintf.o)
                0x0800ad80                _vfiprintf_r
                0x0800ad80                _vfprintf_r
 .text.__sflush_r
                0x0800afb0      0x108 /opt/st/stm32cubeide_1.12.0/plugins/com.st.stm32cube.ide.mcu.externaltools.gnu-tools-for-stm32.12.3.rel1.linux64_1.0.100.202403111256/tools/bin/../lib/gcc/arm-none-eabi/12.3.1/../../../../arm-none-eabi/lib/thumb/v7e-m+fp/hard/libc_nano.a(libc_a-fflush.o)
                0x0800afb0                __sflush_r
 .text._fflush_r
                0x0800b0b8       0x50 /opt/st/stm32cubeide_1.12.0/plugins/com.st.stm32cube.ide.mcu.externaltools.gnu-tools-for-stm32.12.3.rel1.linux64_1.0.100.202403111256/tools/bin/../lib/gcc/arm-none-eabi/12.3.1/../../../../arm-none-eabi/lib/thumb/v7e-m+fp/hard/libc_nano.a(libc_a-fflush.o)
                0x0800b0b8                _fflush_r
 .text.__swhatbuf_r
                0x0800b108       0x4c /opt/st/stm32cubeide_1.12.0/plugins/com.st.stm32cube.ide.mcu.externaltools.gnu-tools-for-stm32.12.3.rel1.linux64_1.0.100.202403111256/tools/bin/../lib/gcc/arm-none-eabi/12.3.1/../../../../arm-none-eabi/lib/thumb/v7e-m+fp/hard/libc_nano.a(libc_a-makebuf.o)
                0x0800b108                __swhatbuf_r
 .text.__smakebuf_r
                0x0800b154       0x78 /opt/st/stm32cubeide_1.12.0/plugins/com.st.stm32cube.ide.mcu.externaltools.gnu-tools-for-stm32.12.3.rel1.linux64_1.0.100.202403111256/tools/bin/../lib/gcc/arm-none-eabi/12.3.1/../../../../arm-none-eabi/lib/thumb/v7e-m+fp/hard/libc_nano.a(libc_a-makebuf.o)
                0x0800b154                __smakebuf_r
 .text.memmove  0x0800b1cc       0x34 /opt/st/stm32cubeide_1.12.0/plugins/com.st.stm32cube.ide.mcu.externaltools.gnu-tools-for-stm32.12.3.rel1.linux64_1.0.100.202403111256/tools/bin/../lib/gcc/arm-none-eabi/12.3.1/../../../../arm-none-eabi/lib/thumb/v7e-m+fp/hard/libc_nano.a(libc_a-memmove.o)
                0x0800b1cc                memmove
 .text.strncmp  0x0800b200       0x24 /opt/st/stm32cubeide_1.12.0/plugins/com.st.stm32cube.ide.mcu.externaltools.gnu-tools-for-stm32.12.3.rel1.linux64_1.0.100.202403111256/tools/bin/../lib/gcc/arm-none-eabi/12.3.1/../../../../arm-none-eabi/lib/thumb/v7e-m+fp/hard/libc_nano.a(libc_a-strncmp.o)
                0x0800b200                strncmp
 .text._fstat_r
                0x0800b224       0x24 /opt/st/stm32cubeide_1.12.0/plugins/com.st.stm32cube.ide.mcu.externaltools.gnu-tools-for-stm32.12.3.rel1.linux64_1.0.100.202403111256/tools/bin/../lib/gcc/arm-none-eabi/12.3.1/../../../../arm-none-eabi/lib/thumb/v7e-m+fp/hard/libc_nano.a(libc_a-fstatr.o)
                0x0800b224                _fstat_r
 .text._isatty_r
                0x0800b248       0x20 /opt/st/stm32cubeide_1.12.0/plugins/com.st.stm32cube.ide.mcu.externaltools.gnu-tools-for-stm32.12.3.rel1.linux64_1.0.100.202403111256/tools/bin/../lib/gcc/arm-none-eabi/12.3.1/../../../../arm-none-eabi/lib/thumb/v7e-m+fp/hard/libc_nano.a(libc_a-isattyr.o)
                0x0800b248                _isatty_r
 .text._sbrk_r  0x0800b268       0x20 /opt/st/stm32cubeide_1.12.0/plugins/com.st.stm32cube.ide.mcu.externaltools.gnu-tools-for-stm32.12.3.rel1.linux64_1.0.100.202403111256/tools/bin/../lib/gcc/arm-none-eabi/12.3.1/../../../../arm-none-eabi/lib/thumb/v7e-m+fp/hard/libc_nano.a(libc_a-sbrkr.o)
                0x0800b268                _sbrk_r
 .text.memcpy   0x0800b288       0x1c /opt/st/stm32cubeide_1.12.0/plugins/com.st.stm32cube.ide.mcu.externaltools.gnu-tools-for-stm32.12.3.rel1.linux64_1.0.100.202403111256/tools/bin/../lib/gcc/arm-none-eabi/12.3.1/../../../../arm-none-eabi/lib/thumb/v7e-m+fp/hard/libc_nano.a(libc_a-memcpy-stub.o)
                0x0800b288                memcpy
 *fill*         0x0800b2a4        0x4 
 .text.nan      0x0800b2a8       0x10 /opt/st/stm32cubeide_1.12.0/plugins/com.st.stm32cube.ide.mcu.externaltools.gnu-tools-for-stm32.12.3.rel1.linux64_1.0.100.202403111256/tools/bin/../lib/gcc/arm-none-eabi/12.3.1/../../../../arm-none-eabi/lib/thumb/v7e-m+fp/hard/libc_nano.a(libm_a-s_nan.o)
                0x0800b2a8                nan
 .text.__assert_func
                0x0800b2b8       0x3c /opt/st/stm32cubeide_1.12.0/plugins/com.st.stm32cube.ide.mcu.externaltools.gnu-tools-for-stm32.12.3.rel1.linux64_1.0.100.202403111256/tools/bin/../lib/gcc/arm-none-eabi/12.3.1/../../../../arm-none-eabi/lib/thumb/v7e-m+fp/hard/libc_nano.a(libc_a-assert.o)
                0x0800b2b8                __assert_func
 .text._calloc_r
                0x0800b2f4       0x28 /opt/st/stm32cubeide_1.12.0/plugins/com.st.stm32cube.ide.mcu.externaltools.gnu-tools-for-stm32.12.3.rel1.linux64_1.0.100.202403111256/tools/bin/../lib/gcc/arm-none-eabi/12.3.1/../../../../arm-none-eabi/lib/thumb/v7e-m+fp/hard/libc_nano.a(libc_a-callocr.o)
                0x0800b2f4                _calloc_r
 .text.rshift   0x0800b31c       0xa4 /opt/st/stm32cubeide_1.12.0/plugins/com.st.stm32cube.ide.mcu.externaltools.gnu-tools-for-stm32.12.3.rel1.linux64_1.0.100.202403111256/tools/bin/../lib/gcc/arm-none-eabi/12.3.1/../../../../arm-none-eabi/lib/thumb/v7e-m+fp/hard/libc_nano.a(libc_a-gdtoa-gethex.o)
 .text.__hexdig_fun
                0x0800b3c0       0x2a /opt/st/stm32cubeide_1.12.0/plugins/com.st.stm32cube.ide.mcu.externaltools.gnu-tools-for-stm32.12.3.rel1.linux64_1.0.100.202403111256/tools/bin/../lib/gcc/arm-none-eabi/12.3.1/../../../../arm-none-eabi/lib/thumb/v7e-m+fp/hard/libc_nano.a(libc_a-gdtoa-gethex.o)
                0x0800b3c0                __hexdig_fun
 *fill*         0x0800b3ea        0x2 
 .text.__gethex
                0x0800b3ec      0x420 /opt/st/stm32cubeide_1.12.0/plugins/com.st.stm32cube.ide.mcu.externaltools.gnu-tools-for-stm32.12.3.rel1.linux64_1.0.100.202403111256/tools/bin/../lib/gcc/arm-none-eabi/12.3.1/../../../../arm-none-eabi/lib/thumb/v7e-m+fp/hard/libc_nano.a(libc_a-gdtoa-gethex.o)
                0x0800b3ec                __gethex
 .text.L_shift  0x0800b80c       0x24 /opt/st/stm32cubeide_1.12.0/plugins/com.st.stm32cube.ide.mcu.externaltools.gnu-tools-for-stm32.12.3.rel1.linux64_1.0.100.202403111256/tools/bin/../lib/gcc/arm-none-eabi/12.3.1/../../../../arm-none-eabi/lib/thumb/v7e-m+fp/hard/libc_nano.a(libc_a-gdtoa-hexnan.o)
 .text.__match  0x0800b830       0x28 /opt/st/stm32cubeide_1.12.0/plugins/com.st.stm32cube.ide.mcu.externaltools.gnu-tools-for-stm32.12.3.rel1.linux64_1.0.100.202403111256/tools/bin/../lib/gcc/arm-none-eabi/12.3.1/../../../../arm-none-eabi/lib/thumb/v7e-m+fp/hard/libc_nano.a(libc_a-gdtoa-hexnan.o)
                0x0800b830                __match
 .text.__hexnan
                0x0800b858      0x136 /opt/st/stm32cubeide_1.12.0/plugins/com.st.stm32cube.ide.mcu.externaltools.gnu-tools-for-stm32.12.3.rel1.linux64_1.0.100.202403111256/tools/bin/../lib/gcc/arm-none-eabi/12.3.1/../../../../arm-none-eabi/lib/thumb/v7e-m+fp/hard/libc_nano.a(libc_a-gdtoa-hexnan.o)
                0x0800b858                __hexnan
 .text.__ascii_mbtowc
                0x0800b98e       0x24 /opt/st/stm32cubeide_1.12.0/plugins/com.st.stm32cube.ide.mcu.externaltools.gnu-tools-for-stm32.12.3.rel1.linux64_1.0.100.202403111256/tools/bin/../lib/gcc/arm-none-eabi/12.3.1/../../../../arm-none-eabi/lib/thumb/v7e-m+fp/hard/libc_nano.a(libc_a-mbtowc_r.o)
                0x0800b98e                __ascii_mbtowc
 .text._realloc_r
                0x0800b9b2       0x5c /opt/st/stm32cubeide_1.12.0/plugins/com.st.stm32cube.ide.mcu.externaltools.gnu-tools-for-stm32.12.3.rel1.linux64_1.0.100.202403111256/tools/bin/../lib/gcc/arm-none-eabi/12.3.1/../../../../arm-none-eabi/lib/thumb/v7e-m+fp/hard/libc_nano.a(libc_a-reallocr.o)
                0x0800b9b2                _realloc_r
 .text.__ascii_wctomb
                0x0800ba0e       0x1a /opt/st/stm32cubeide_1.12.0/plugins/com.st.stm32cube.ide.mcu.externaltools.gnu-tools-for-stm32.12.3.rel1.linux64_1.0.100.202403111256/tools/bin/../lib/gcc/arm-none-eabi/12.3.1/../../../../arm-none-eabi/lib/thumb/v7e-m+fp/hard/libc_nano.a(libc_a-wctomb_r.o)
                0x0800ba0e                __ascii_wctomb
 .text.fprintf  0x0800ba28       0x24 /opt/st/stm32cubeide_1.12.0/plugins/com.st.stm32cube.ide.mcu.externaltools.gnu-tools-for-stm32.12.3.rel1.linux64_1.0.100.202403111256/tools/bin/../lib/gcc/arm-none-eabi/12.3.1/../../../../arm-none-eabi/lib/thumb/v7e-m+fp/hard/libc_nano.a(libc_a-fprintf.o)
                0x0800ba28                fprintf
                0x0800ba28                fiprintf
 .text.abort    0x0800ba4c        0xe /opt/st/stm32cubeide_1.12.0/plugins/com.st.stm32cube.ide.mcu.externaltools.gnu-tools-for-stm32.12.3.rel1.linux64_1.0.100.202403111256/tools/bin/../lib/gcc/arm-none-eabi/12.3.1/../../../../arm-none-eabi/lib/thumb/v7e-m+fp/hard/libc_nano.a(libc_a-abort.o)
                0x0800ba4c                abort
 .text._malloc_usable_size_r
                0x0800ba5a       0x10 /opt/st/stm32cubeide_1.12.0/plugins/com.st.stm32cube.ide.mcu.externaltools.gnu-tools-for-stm32.12.3.rel1.linux64_1.0.100.202403111256/tools/bin/../lib/gcc/arm-none-eabi/12.3.1/../../../../arm-none-eabi/lib/thumb/v7e-m+fp/hard/libc_nano.a(libc_a-msizer.o)
                0x0800ba5a                _malloc_usable_size_r
 .text._raise_r
                0x0800ba6a       0x50 /opt/st/stm32cubeide_1.12.0/plugins/com.st.stm32cube.ide.mcu.externaltools.gnu-tools-for-stm32.12.3.rel1.linux64_1.0.100.202403111256/tools/bin/../lib/gcc/arm-none-eabi/12.3.1/../../../../arm-none-eabi/lib/thumb/v7e-m+fp/hard/libc_nano.a(libc_a-signal.o)
                0x0800ba6a                _raise_r
 *fill*         0x0800baba        0x2 
 .text.raise    0x0800babc       0x10 /opt/st/stm32cubeide_1.12.0/plugins/com.st.stm32cube.ide.mcu.externaltools.gnu-tools-for-stm32.12.3.rel1.linux64_1.0.100.202403111256/tools/bin/../lib/gcc/arm-none-eabi/12.3.1/../../../../arm-none-eabi/lib/thumb/v7e-m+fp/hard/libc_nano.a(libc_a-signal.o)
                0x0800babc                raise
 .text._kill_r  0x0800bacc       0x24 /opt/st/stm32cubeide_1.12.0/plugins/com.st.stm32cube.ide.mcu.externaltools.gnu-tools-for-stm32.12.3.rel1.linux64_1.0.100.202403111256/tools/bin/../lib/gcc/arm-none-eabi/12.3.1/../../../../arm-none-eabi/lib/thumb/v7e-m+fp/hard/libc_nano.a(libc_a-signalr.o)
                0x0800bacc                _kill_r
 .text._getpid_r
                0x0800baf0        0x4 /opt/st/stm32cubeide_1.12.0/plugins/com.st.stm32cube.ide.mcu.externaltools.gnu-tools-for-stm32.12.3.rel1.linux64_1.0.100.202403111256/tools/bin/../lib/gcc/arm-none-eabi/12.3.1/../../../../arm-none-eabi/lib/thumb/v7e-m+fp/hard/libc_nano.a(libc_a-signalr.o)
                0x0800baf0                _getpid_r
 *(.glue_7)
 .glue_7        0x0800baf4        0x0 linker stubs
 *(.glue_7t)
 .glue_7t       0x0800baf4        0x0 linker stubs
 *(.eh_frame)
 .eh_frame      0x0800baf4        0x0 /opt/st/stm32cubeide_1.12.0/plugins/com.st.stm32cube.ide.mcu.externaltools.gnu-tools-for-stm32.12.3.rel1.linux64_1.0.100.202403111256/tools/bin/../lib/gcc/arm-none-eabi/12.3.1/thumb/v7e-m+fp/hard/crtbegin.o
 *(.init)
 .init          0x0800baf4        0x4 /opt/st/stm32cubeide_1.12.0/plugins/com.st.stm32cube.ide.mcu.externaltools.gnu-tools-for-stm32.12.3.rel1.linux64_1.0.100.202403111256/tools/bin/../lib/gcc/arm-none-eabi/12.3.1/thumb/v7e-m+fp/hard/crti.o
                0x0800baf4                _init
 .init          0x0800baf8        0x8 /opt/st/stm32cubeide_1.12.0/plugins/com.st.stm32cube.ide.mcu.externaltools.gnu-tools-for-stm32.12.3.rel1.linux64_1.0.100.202403111256/tools/bin/../lib/gcc/arm-none-eabi/12.3.1/thumb/v7e-m+fp/hard/crtn.o
 *(.fini)
 .fini          0x0800bb00        0x4 /opt/st/stm32cubeide_1.12.0/plugins/com.st.stm32cube.ide.mcu.externaltools.gnu-tools-for-stm32.12.3.rel1.linux64_1.0.100.202403111256/tools/bin/../lib/gcc/arm-none-eabi/12.3.1/thumb/v7e-m+fp/hard/crti.o
                0x0800bb00                _fini
 .fini          0x0800bb04        0x8 /opt/st/stm32cubeide_1.12.0/plugins/com.st.stm32cube.ide.mcu.externaltools.gnu-tools-for-stm32.12.3.rel1.linux64_1.0.100.202403111256/tools/bin/../lib/gcc/arm-none-eabi/12.3.1/thumb/v7e-m+fp/hard/crtn.o
                0x0800bb0c                        . = ALIGN (0x4)
                0x0800bb0c                        _etext = .

.vfp11_veneer   0x0800bb0c        0x0
 .vfp11_veneer  0x0800bb0c        0x0 linker stubs

.v4_bx          0x0800bb0c        0x0
 .v4_bx         0x0800bb0c        0x0 linker stubs

.iplt           0x0800bb0c        0x0
 .iplt          0x0800bb0c        0x0 /opt/st/stm32cubeide_1.12.0/plugins/com.st.stm32cube.ide.mcu.externaltools.gnu-tools-for-stm32.12.3.rel1.linux64_1.0.100.202403111256/tools/bin/../lib/gcc/arm-none-eabi/12.3.1/thumb/v7e-m+fp/hard/crtbegin.o

.rodata         0x0800bb10      0x558
                0x0800bb10                        . = ALIGN (0x4)
 *(.rodata)
 .rodata        0x0800bb10       0xe3 ./Core/Src/main.o
 *(.rodata*)
 *fill*         0x0800bbf3        0x1 
 .rodata.AHBPrescTable
                0x0800bbf4       0x10 ./Core/Src/system_stm32l4xx.o
                0x0800bbf4                AHBPrescTable
 .rodata.APBPrescTable
                0x0800bc04        0x8 ./Core/Src/system_stm32l4xx.o
                0x0800bc04                APBPrescTable
 .rodata.MSIRangeTable
                0x0800bc0c       0x30 ./Core/Src/system_stm32l4xx.o
                0x0800bc0c                MSIRangeTable
 .rodata._printf_float.str1.1
                0x0800bc3c       0x12 /opt/st/stm32cubeide_1.12.0/plugins/com.st.stm32cube.ide.mcu.externaltools.gnu-tools-for-stm32.12.3.rel1.linux64_1.0.100.202403111256/tools/bin/../lib/gcc/arm-none-eabi/12.3.1/../../../../arm-none-eabi/lib/thumb/v7e-m+fp/hard/libc_nano.a(libc_a-nano-vfprintf_float.o)
 .rodata._printf_i.str1.1
                0x0800bc4e       0x22 /opt/st/stm32cubeide_1.12.0/plugins/com.st.stm32cube.ide.mcu.externaltools.gnu-tools-for-stm32.12.3.rel1.linux64_1.0.100.202403111256/tools/bin/../lib/gcc/arm-none-eabi/12.3.1/../../../../arm-none-eabi/lib/thumb/v7e-m+fp/hard/libc_nano.a(libc_a-nano-vfprintf_i.o)
 .rodata._scanf_float.str1.1
                0x0800bc70        0x5 /opt/st/stm32cubeide_1.12.0/plugins/com.st.stm32cube.ide.mcu.externaltools.gnu-tools-for-stm32.12.3.rel1.linux64_1.0.100.202403111256/tools/bin/../lib/gcc/arm-none-eabi/12.3.1/../../../../arm-none-eabi/lib/thumb/v7e-m+fp/hard/libc_nano.a(libc_a-nano-vfscanf_float.o)
                                  0x6 (size before relaxing)
 .rodata._dtoa_r.str1.1
                0x0800bc75       0x8d /opt/st/stm32cubeide_1.12.0/plugins/com.st.stm32cube.ide.mcu.externaltools.gnu-tools-for-stm32.12.3.rel1.linux64_1.0.100.202403111256/tools/bin/../lib/gcc/arm-none-eabi/12.3.1/../../../../arm-none-eabi/lib/thumb/v7e-m+fp/hard/libc_nano.a(libc_a-dtoa.o)
                                 0x8f (size before relaxing)
 .rodata._Balloc.str1.1
                0x0800bd02       0x59 /opt/st/stm32cubeide_1.12.0/plugins/com.st.stm32cube.ide.mcu.externaltools.gnu-tools-for-stm32.12.3.rel1.linux64_1.0.100.202403111256/tools/bin/../lib/gcc/arm-none-eabi/12.3.1/../../../../arm-none-eabi/lib/thumb/v7e-m+fp/hard/libc_nano.a(libc_a-mprec.o)
                                 0x70 (size before relaxing)
 .rodata.__multadd.str1.1
                0x0800bd5b       0x11 /opt/st/stm32cubeide_1.12.0/plugins/com.st.stm32cube.ide.mcu.externaltools.gnu-tools-for-stm32.12.3.rel1.linux64_1.0.100.202403111256/tools/bin/../lib/gcc/arm-none-eabi/12.3.1/../../../../arm-none-eabi/lib/thumb/v7e-m+fp/hard/libc_nano.a(libc_a-mprec.o)
 *fill*         0x0800bd5b        0x1 
 .rodata.p05.0  0x0800bd5c        0xc /opt/st/stm32cubeide_1.12.0/plugins/com.st.stm32cube.ide.mcu.externaltools.gnu-tools-for-stm32.12.3.rel1.linux64_1.0.100.202403111256/tools/bin/../lib/gcc/arm-none-eabi/12.3.1/../../../../arm-none-eabi/lib/thumb/v7e-m+fp/hard/libc_nano.a(libc_a-mprec.o)
 .rodata.__mprec_bigtens
                0x0800bd68       0x28 /opt/st/stm32cubeide_1.12.0/plugins/com.st.stm32cube.ide.mcu.externaltools.gnu-tools-for-stm32.12.3.rel1.linux64_1.0.100.202403111256/tools/bin/../lib/gcc/arm-none-eabi/12.3.1/../../../../arm-none-eabi/lib/thumb/v7e-m+fp/hard/libc_nano.a(libc_a-mprec.o)
                0x0800bd68                __mprec_bigtens
 .rodata.__mprec_tens
                0x0800bd90       0xc8 /opt/st/stm32cubeide_1.12.0/plugins/com.st.stm32cube.ide.mcu.externaltools.gnu-tools-for-stm32.12.3.rel1.linux64_1.0.100.202403111256/tools/bin/../lib/gcc/arm-none-eabi/12.3.1/../../../../arm-none-eabi/lib/thumb/v7e-m+fp/hard/libc_nano.a(libc_a-mprec.o)
                0x0800bd90                __mprec_tens
 .rodata._strtod_l.str1.1
                0x0800be58        0x2 /opt/st/stm32cubeide_1.12.0/plugins/com.st.stm32cube.ide.mcu.externaltools.gnu-tools-for-stm32.12.3.rel1.linux64_1.0.100.202403111256/tools/bin/../lib/gcc/arm-none-eabi/12.3.1/../../../../arm-none-eabi/lib/thumb/v7e-m+fp/hard/libc_nano.a(libc_a-strtod.o)
                                  0xf (size before relaxing)
 *fill*         0x0800be5a        0x2 
 .rodata.fpinan.0
                0x0800be5c       0x14 /opt/st/stm32cubeide_1.12.0/plugins/com.st.stm32cube.ide.mcu.externaltools.gnu-tools-for-stm32.12.3.rel1.linux64_1.0.100.202403111256/tools/bin/../lib/gcc/arm-none-eabi/12.3.1/../../../../arm-none-eabi/lib/thumb/v7e-m+fp/hard/libc_nano.a(libc_a-strtod.o)
 .rodata.fpi.1  0x0800be70       0x14 /opt/st/stm32cubeide_1.12.0/plugins/com.st.stm32cube.ide.mcu.externaltools.gnu-tools-for-stm32.12.3.rel1.linux64_1.0.100.202403111256/tools/bin/../lib/gcc/arm-none-eabi/12.3.1/../../../../arm-none-eabi/lib/thumb/v7e-m+fp/hard/libc_nano.a(libc_a-strtod.o)
 *fill*         0x0800be84        0x4 
 .rodata.tinytens
                0x0800be88       0x28 /opt/st/stm32cubeide_1.12.0/plugins/com.st.stm32cube.ide.mcu.externaltools.gnu-tools-for-stm32.12.3.rel1.linux64_1.0.100.202403111256/tools/bin/../lib/gcc/arm-none-eabi/12.3.1/../../../../arm-none-eabi/lib/thumb/v7e-m+fp/hard/libc_nano.a(libc_a-strtod.o)
 .rodata._ctype_
                0x0800beb0      0x101 /opt/st/stm32cubeide_1.12.0/plugins/com.st.stm32cube.ide.mcu.externaltools.gnu-tools-for-stm32.12.3.rel1.linux64_1.0.100.202403111256/tools/bin/../lib/gcc/arm-none-eabi/12.3.1/../../../../arm-none-eabi/lib/thumb/v7e-m+fp/hard/libc_nano.a(libc_a-ctype_.o)
                0x0800beb0                _ctype_
 .rodata._svfprintf_r.str1.1
                0x0800bfb1       0x11 /opt/st/stm32cubeide_1.12.0/plugins/com.st.stm32cube.ide.mcu.externaltools.gnu-tools-for-stm32.12.3.rel1.linux64_1.0.100.202403111256/tools/bin/../lib/gcc/arm-none-eabi/12.3.1/../../../../arm-none-eabi/lib/thumb/v7e-m+fp/hard/libc_nano.a(libc_a-nano-svfprintf.o)
 .rodata._vfprintf_r.str1.1
                0x0800bfc2       0x11 /opt/st/stm32cubeide_1.12.0/plugins/com.st.stm32cube.ide.mcu.externaltools.gnu-tools-for-stm32.12.3.rel1.linux64_1.0.100.202403111256/tools/bin/../lib/gcc/arm-none-eabi/12.3.1/../../../../arm-none-eabi/lib/thumb/v7e-m+fp/hard/libc_nano.a(libc_a-nano-vfprintf.o)
 .rodata._setlocale_r.str1.1
                0x0800bfc2        0x8 /opt/st/stm32cubeide_1.12.0/plugins/com.st.stm32cube.ide.mcu.externaltools.gnu-tools-for-stm32.12.3.rel1.linux64_1.0.100.202403111256/tools/bin/../lib/gcc/arm-none-eabi/12.3.1/../../../../arm-none-eabi/lib/thumb/v7e-m+fp/hard/libc_nano.a(libc_a-locale.o)
                                  0x9 (size before relaxing)
 .rodata.str1.1
                0x0800bfca        0x2 /opt/st/stm32cubeide_1.12.0/plugins/com.st.stm32cube.ide.mcu.externaltools.gnu-tools-for-stm32.12.3.rel1.linux64_1.0.100.202403111256/tools/bin/../lib/gcc/arm-none-eabi/12.3.1/../../../../arm-none-eabi/lib/thumb/v7e-m+fp/hard/libc_nano.a(libc_a-locale.o)
 .rodata.__assert_func.str1.1
                0x0800bfca       0x3c /opt/st/stm32cubeide_1.12.0/plugins/com.st.stm32cube.ide.mcu.externaltools.gnu-tools-for-stm32.12.3.rel1.linux64_1.0.100.202403111256/tools/bin/../lib/gcc/arm-none-eabi/12.3.1/../../../../arm-none-eabi/lib/thumb/v7e-m+fp/hard/libc_nano.a(libc_a-assert.o)
                                 0x3d (size before relaxing)
 .rodata.__gethex.str1.1
                0x0800c006       0x60 /opt/st/stm32cubeide_1.12.0/plugins/com.st.stm32cube.ide.mcu.externaltools.gnu-tools-for-stm32.12.3.rel1.linux64_1.0.100.202403111256/tools/bin/../lib/gcc/arm-none-eabi/12.3.1/../../../../arm-none-eabi/lib/thumb/v7e-m+fp/hard/libc_nano.a(libc_a-gdtoa-gethex.o)
                                 0x73 (size before relaxing)
                0x0800c068                        . = ALIGN (0x4)
 *fill*         0x0800c066        0x2 

.ARM.extab      0x0800c068        0x0
                0x0800c068                        . = ALIGN (0x4)
 *(.ARM.extab* .gnu.linkonce.armextab.*)
                0x0800c068                        . = ALIGN (0x4)

.ARM            0x0800c068        0x8
                0x0800c068                        . = ALIGN (0x4)
                0x0800c068                        __exidx_start = .
 *(.ARM.exidx*)
 .ARM.exidx     0x0800c068        0x8 /opt/st/stm32cubeide_1.12.0/plugins/com.st.stm32cube.ide.mcu.externaltools.gnu-tools-for-stm32.12.3.rel1.linux64_1.0.100.202403111256/tools/bin/../lib/gcc/arm-none-eabi/12.3.1/../../../../arm-none-eabi/lib/thumb/v7e-m+fp/hard/libc_nano.a(libc_a-memchr.o)
 .ARM.exidx     0x0800c070        0x0 /opt/st/stm32cubeide_1.12.0/plugins/com.st.stm32cube.ide.mcu.externaltools.gnu-tools-for-stm32.12.3.rel1.linux64_1.0.100.202403111256/tools/bin/../lib/gcc/arm-none-eabi/12.3.1/../../../../arm-none-eabi/lib/thumb/v7e-m+fp/hard/libc_nano.a(libc_a-strlen.o)
                                  0x8 (size before relaxing)
 .ARM.exidx     0x0800c070        0x0 /opt/st/stm32cubeide_1.12.0/plugins/com.st.stm32cube.ide.mcu.externaltools.gnu-tools-for-stm32.12.3.rel1.linux64_1.0.100.202403111256/tools/bin/../lib/gcc/arm-none-eabi/12.3.1/thumb/v7e-m+fp/hard/libgcc.a(_udivmoddi4.o)
                                  0x8 (size before relaxing)
                0x0800c070                        __exidx_end = .
                0x0800c070                        . = ALIGN (0x4)

.rel.dyn        0x0800c070        0x0
 .rel.iplt      0x0800c070        0x0 /opt/st/stm32cubeide_1.12.0/plugins/com.st.stm32cube.ide.mcu.externaltools.gnu-tools-for-stm32.12.3.rel1.linux64_1.0.100.202403111256/tools/bin/../lib/gcc/arm-none-eabi/12.3.1/thumb/v7e-m+fp/hard/crtbegin.o

.preinit_array  0x0800c070        0x0
                0x0800c070                        . = ALIGN (0x4)
                0x0800c070                        PROVIDE (__preinit_array_start = .)
 *(.preinit_array*)
                0x0800c070                        PROVIDE (__preinit_array_end = .)
                0x0800c070                        . = ALIGN (0x4)

.init_array     0x0800c070        0x4
                0x0800c070                        . = ALIGN (0x4)
                0x0800c070                        PROVIDE (__init_array_start = .)
 *(SORT_BY_NAME(.init_array.*))
 *(.init_array*)
 .init_array    0x0800c070        0x4 /opt/st/stm32cubeide_1.12.0/plugins/com.st.stm32cube.ide.mcu.externaltools.gnu-tools-for-stm32.12.3.rel1.linux64_1.0.100.202403111256/tools/bin/../lib/gcc/arm-none-eabi/12.3.1/thumb/v7e-m+fp/hard/crtbegin.o
                0x0800c074                        PROVIDE (__init_array_end = .)
                0x0800c074                        . = ALIGN (0x4)

.fini_array     0x0800c074        0x4
                0x0800c074                        . = ALIGN (0x4)
                [!provide]                        PROVIDE (__fini_array_start = .)
 *(SORT_BY_NAME(.fini_array.*))
 *(.fini_array*)
 .fini_array    0x0800c074        0x4 /opt/st/stm32cubeide_1.12.0/plugins/com.st.stm32cube.ide.mcu.externaltools.gnu-tools-for-stm32.12.3.rel1.linux64_1.0.100.202403111256/tools/bin/../lib/gcc/arm-none-eabi/12.3.1/thumb/v7e-m+fp/hard/crtbegin.o
                [!provide]                        PROVIDE (__fini_array_end = .)
                0x0800c078                        . = ALIGN (0x4)
                0x0800c078                        _sidata = LOADADDR (.data)

.data           0x20000000      0x1d4 load address 0x0800c078
                0x20000000                        . = ALIGN (0x4)
                0x20000000                        _sdata = .
 *(.data)
 *(.data*)
 .data.SystemCoreClock
                0x20000000        0x4 ./Core/Src/system_stm32l4xx.o
                0x20000000                SystemCoreClock
 .data.uwTickPrio
                0x20000004        0x4 ./Drivers/STM32L4xx_HAL_Driver/Src/stm32l4xx_hal.o
                0x20000004                uwTickPrio
 .data.uwTickFreq
                0x20000008        0x1 ./Drivers/STM32L4xx_HAL_Driver/Src/stm32l4xx_hal.o
                0x20000008                uwTickFreq
 *fill*         0x20000009        0x3 
 .data.__sglue  0x2000000c        0xc /opt/st/stm32cubeide_1.12.0/plugins/com.st.stm32cube.ide.mcu.externaltools.gnu-tools-for-stm32.12.3.rel1.linux64_1.0.100.202403111256/tools/bin/../lib/gcc/arm-none-eabi/12.3.1/../../../../arm-none-eabi/lib/thumb/v7e-m+fp/hard/libc_nano.a(libc_a-findfp.o)
                0x2000000c                __sglue
 .data._impure_ptr
                0x20000018        0x4 /opt/st/stm32cubeide_1.12.0/plugins/com.st.stm32cube.ide.mcu.externaltools.gnu-tools-for-stm32.12.3.rel1.linux64_1.0.100.202403111256/tools/bin/../lib/gcc/arm-none-eabi/12.3.1/../../../../arm-none-eabi/lib/thumb/v7e-m+fp/hard/libc_nano.a(libc_a-impure.o)
                0x20000018                _impure_ptr
 .data._impure_data
                0x2000001c       0x4c /opt/st/stm32cubeide_1.12.0/plugins/com.st.stm32cube.ide.mcu.externaltools.gnu-tools-for-stm32.12.3.rel1.linux64_1.0.100.202403111256/tools/bin/../lib/gcc/arm-none-eabi/12.3.1/../../../../arm-none-eabi/lib/thumb/v7e-m+fp/hard/libc_nano.a(libc_a-impure.o)
                0x2000001c                _impure_data
 .data.__global_locale
                0x20000068      0x16c /opt/st/stm32cubeide_1.12.0/plugins/com.st.stm32cube.ide.mcu.externaltools.gnu-tools-for-stm32.12.3.rel1.linux64_1.0.100.202403111256/tools/bin/../lib/gcc/arm-none-eabi/12.3.1/../../../../arm-none-eabi/lib/thumb/v7e-m+fp/hard/libc_nano.a(libc_a-locale.o)
                0x20000068                __global_locale
 *(.RamFunc)
 *(.RamFunc*)
                0x200001d4                        . = ALIGN (0x4)
                0x200001d4                        _edata = .

.igot.plt       0x200001d4        0x0 load address 0x0800c24c
 .igot.plt      0x200001d4        0x0 /opt/st/stm32cubeide_1.12.0/plugins/com.st.stm32cube.ide.mcu.externaltools.gnu-tools-for-stm32.12.3.rel1.linux64_1.0.100.202403111256/tools/bin/../lib/gcc/arm-none-eabi/12.3.1/thumb/v7e-m+fp/hard/crtbegin.o
                0x200001d4                        . = ALIGN (0x4)

.bss            0x200001d4      0x480 load address 0x0800c24c
                0x200001d4                        _sbss = .
                0x200001d4                        __bss_start__ = _sbss
 *(.bss)
 .bss           0x200001d4       0x1c /opt/st/stm32cubeide_1.12.0/plugins/com.st.stm32cube.ide.mcu.externaltools.gnu-tools-for-stm32.12.3.rel1.linux64_1.0.100.202403111256/tools/bin/../lib/gcc/arm-none-eabi/12.3.1/thumb/v7e-m+fp/hard/crtbegin.o
 *(.bss*)
 .bss.hadc1     0x200001f0       0x64 ./Core/Src/main.o
                0x200001f0                hadc1
 .bss.hdma_adc1
                0x20000254       0x48 ./Core/Src/main.o
                0x20000254                hdma_adc1
 .bss.hcrc      0x2000029c       0x24 ./Core/Src/main.o
                0x2000029c                hcrc
 .bss.hsmbus1   0x200002c0       0x50 ./Core/Src/main.o
                0x200002c0                hsmbus1
 .bss.hrtc      0x20000310       0x24 ./Core/Src/main.o
                0x20000310                hrtc